 SciLexer

 Timestamp is 4cbdd72c (Tue Oct 19 11:36:44 2010)

 Preferred load address is 10000000

 Start         Length     Name                   Class
 0001:00000000 00049374H .text                   CODE
 0002:00000000 000002fcH .idata$5                DATA
 0002:00000300 00001439H .rdata                  DATA
 0002:0000173c 00000064H .idata$2                DATA
 0002:000017a0 00000014H .idata$3                DATA
 0002:000017b4 000002fcH .idata$4                DATA
 0002:00001ab0 00000c98H .idata$6                DATA
 0002:00002750 0000005cH .edata                  DATA
 0003:00000000 00000004H .CRT$XCA                DATA
 0003:00000004 00000150H .CRT$XCU                DATA
 0003:00000154 00000004H .CRT$XCZ                DATA
 0003:00000158 00000004H .CRT$XIA                DATA
 0003:0000015c 00000010H .CRT$XIC                DATA
 0003:0000016c 00000004H .CRT$XIZ                DATA
 0003:00000170 00000004H .CRT$XPA                DATA
 0003:00000174 00000004H .CRT$XPX                DATA
 0003:00000178 00000004H .CRT$XPZ                DATA
 0003:0000017c 00000004H .CRT$XTA                DATA
 0003:00000180 00000004H .CRT$XTZ                DATA
 0003:00000190 000057bcH .data                   DATA
 0003:00005950 00002354H .bss                    DATA
 0004:00000000 000000e8H .rsrc$01                DATA
 0004:000000f0 00000488H .rsrc$02                DATA

  Address         Publics by Value              Rva+Base     Lib:Object

 0001:00000000       ??0AutoComplete@@QAE@XZ    10001000 f   AutoComplete.obj
 0001:00000061       ??1AutoComplete@@QAE@XZ    10001061 f   AutoComplete.obj
 0001:0000008c       ?Active@AutoComplete@@QAE_NXZ 1000108c f   AutoComplete.obj
 0001:0000008f       ?Start@AutoComplete@@QAEXAAVWindow@@HHVPoint@@HH_N@Z 1000108f f   AutoComplete.obj
 0001:000000e1       ?SetStopChars@AutoComplete@@QAEXPBD@Z 100010e1 f   AutoComplete.obj
 0001:00000104       ?IsStopChar@AutoComplete@@QAE_ND@Z 10001104 f   AutoComplete.obj
 0001:00000128       ?SetFillUpChars@AutoComplete@@QAEXPBD@Z 10001128 f   AutoComplete.obj
 0001:0000014e       ?IsFillUpChar@AutoComplete@@QAE_ND@Z 1000114e f   AutoComplete.obj
 0001:00000177       ?SetSeparator@AutoComplete@@QAEXD@Z 10001177 f   AutoComplete.obj
 0001:00000184       ?GetSeparator@AutoComplete@@QAEDXZ 10001184 f   AutoComplete.obj
 0001:0000018b       ?SetTypesep@AutoComplete@@QAEXD@Z 1000118b f   AutoComplete.obj
 0001:00000198       ?GetTypesep@AutoComplete@@QAEDXZ 10001198 f   AutoComplete.obj
 0001:0000019f       ?SetList@AutoComplete@@QAEXPBD@Z 1000119f f   AutoComplete.obj
 0001:000001c5       ?Show@AutoComplete@@QAEX_N@Z 100011c5 f   AutoComplete.obj
 0001:000001eb       ?Cancel@AutoComplete@@QAEXXZ 100011eb f   AutoComplete.obj
 0001:00000213       ?Move@AutoComplete@@QAEXH@Z 10001213 f   AutoComplete.obj
 0001:00000251       ?Select@AutoComplete@@QAEXPBD@Z 10001251 f   AutoComplete.obj
 0001:000003e2       ??0CallTip@@QAE@XZ         100013e2 f   CallTip.obj
 0001:0000050d       ??0ColourDesired@@QAE@III@Z 1000150d f i CallTip.obj
 0001:00000526       ??_EWindow@@UAEPAXI@Z      10001526 f i CallTip.obj
 0001:00000526       ??_GWindow@@UAEPAXI@Z      10001526 f i CallTip.obj
 0001:00000542       ??1CallTip@@QAE@XZ         10001542 f   CallTip.obj
 0001:00000583       ?RefreshColourPalette@CallTip@@QAEXAAVPalette@@_N@Z 10001583 f   CallTip.obj
 0001:000005d5       ?IsTabCharacter@CallTip@@AAE_ND@Z 100015d5 f   CallTip.obj
 0001:000005e9       ?NextTabPos@CallTip@@AAEHH@Z 100015e9 f   CallTip.obj
 0001:00000607       ?DrawChunk@CallTip@@AAEXPAVSurface@@AAHPBDHHHVPRectangle@@_N4@Z 10001607 f   CallTip.obj
 0001:000008ab       ?PaintContents@CallTip@@AAEHPAVSurface@@_N@Z 100018ab f   CallTip.obj
 0001:00000a40       ?PaintCT@CallTip@@QAEXPAVSurface@@@Z 10001a40 f   CallTip.obj
 0001:00000b10       ?MouseClick@CallTip@@QAEXVPoint@@@Z 10001b10 f   CallTip.obj
 0001:00000b5e       ?CallTipStart@CallTip@@QAE?AVPRectangle@@HVPoint@@PBD1HHHAAVWindow@@@Z 10001b5e f   CallTip.obj
 0001:00000ced       ?CallTipCancel@CallTip@@QAEXXZ 10001ced f   CallTip.obj
 0001:00000d00       ?SetHighlight@CallTip@@QAEXHH@Z 10001d00 f   CallTip.obj
 0001:00000d27       ?SetTabSize@CallTip@@QAEXH@Z 10001d27 f   CallTip.obj
 0001:00000d35       ?SetForeBack@CallTip@@QAEXABUColourPair@@0@Z 10001d35 f   CallTip.obj
 0001:00000d56       ??0MarkerHandleSet@@QAE@XZ 10001d56 f   CellBuffer.obj
 0001:00000d56       ??0Menu@@QAE@XZ            10001d56 f   CellBuffer.obj
 0001:00000d5c       ??1MarkerHandleSet@@QAE@XZ 10001d5c f   CellBuffer.obj
 0001:00000d7a       ?Length@MarkerHandleSet@@QAEHXZ 10001d7a f   CellBuffer.obj
 0001:00000d89       ?MarkValue@MarkerHandleSet@@QAEHXZ 10001d89 f   CellBuffer.obj
 0001:00000da5       ?Contains@MarkerHandleSet@@QAE_NH@Z 10001da5 f   CellBuffer.obj
 0001:00000dc1       ?InsertHandle@MarkerHandleSet@@QAE_NHH@Z 10001dc1 f   CellBuffer.obj
 0001:00000dee       ?RemoveHandle@MarkerHandleSet@@QAEXH@Z 10001dee f   CellBuffer.obj
 0001:00000e10       ?RemoveNumber@MarkerHandleSet@@QAE_NH@Z 10001e10 f   CellBuffer.obj
 0001:00000e41       ?CombineWith@MarkerHandleSet@@QAEXPAV1@@Z 10001e41 f   CellBuffer.obj
 0001:00000e5a       ??0LineVector@@QAE@XZ      10001e5a f   CellBuffer.obj
 0001:00000e84       ??1LineVector@@QAE@XZ      10001e84 f   CellBuffer.obj
 0001:00000ed5       ?Init@LineVector@@QAEXXZ   10001ed5 f   CellBuffer.obj
 0001:00000f61       ??_H@YGXPAXIHP6EX0@Z@Z     10001f61 f i CellBuffer.obj
 0001:00000f83       ?Expand@LineVector@@QAEXH@Z 10001f83 f   CellBuffer.obj
 0001:00001006       ?ExpandLevels@LineVector@@QAEXH@Z 10002006 f   CellBuffer.obj
 0001:0000107e       ?ClearLevels@LineVector@@QAEXXZ 1000207e f   CellBuffer.obj
 0001:00001094       ?InsertValue@LineVector@@QAEXHH@Z 10002094 f   CellBuffer.obj
 0001:00001157       ?SetValue@LineVector@@QAEXHH@Z 10002157 f   CellBuffer.obj
 0001:00001195       ?Remove@LineVector@@QAEXH@Z 10002195 f   CellBuffer.obj
 0001:00001228       ?LineFromPosition@LineVector@@QAEHH@Z 10002228 f   CellBuffer.obj
 0001:00001266       ?AddMark@LineVector@@QAEHHH@Z 10002266 f   CellBuffer.obj
 0001:000012c3       ?MergeMarkers@LineVector@@QAEXH@Z 100022c3 f   CellBuffer.obj
 0001:00001338       ?DeleteMark@LineVector@@QAEXHH_N@Z 10002338 f   CellBuffer.obj
 0001:000013b6       ?DeleteMarkFromHandle@LineVector@@QAEXH@Z 100023b6 f   CellBuffer.obj
 0001:00001414       ?LineFromHandle@LineVector@@QAEHH@Z 10002414 f   CellBuffer.obj
 0001:00001449       ??0Action@@QAE@XZ          10002449 f   CellBuffer.obj
 0001:0000145d       ??1Action@@QAE@XZ          1000245d f   CellBuffer.obj
 0001:00001462       ?Create@Action@@QAEXW4actionType@@HPADH_N@Z 10002462 f   CellBuffer.obj
 0001:00001493       ?Destroy@Action@@QAEXXZ    10002493 f   CellBuffer.obj
 0001:000014a5       ?Grab@Action@@QAEXPAV1@@Z  100024a5 f   CellBuffer.obj
 0001:000014ea       ??0UndoHistory@@QAE@XZ     100024ea f   CellBuffer.obj
 0001:00001544       ??_EAction@@QAEPAXI@Z      10002544 f i CellBuffer.obj
 0001:0000159e       ??1UndoHistory@@QAE@XZ     1000259e f   CellBuffer.obj
 0001:000015b3       ?EnsureUndoRoom@UndoHistory@@AAEXXZ 100025b3 f   CellBuffer.obj
 0001:00001658       ?AppendAction@UndoHistory@@QAEXW4actionType@@HPADH@Z 10002658 f   CellBuffer.obj
 0001:0000171e       ?BeginUndoAction@UndoHistory@@QAEXXZ 1000271e f   CellBuffer.obj
 0001:00001767       ?EndUndoAction@UndoHistory@@QAEXXZ 10002767 f   CellBuffer.obj
 0001:000017ad       ?DropUndoSequence@UndoHistory@@QAEXXZ 100027ad f   CellBuffer.obj
 0001:000017b2       ?DeleteUndoHistory@UndoHistory@@QAEXXZ 100027b2 f   CellBuffer.obj
 0001:000017f1       ?SetSavePoint@UndoHistory@@QAEXXZ 100027f1 f   CellBuffer.obj
 0001:000017f8       ?IsSavePoint@UndoHistory@@QBE_NXZ 100027f8 f   CellBuffer.obj
 0001:00001804       ?CanUndo@UndoHistory@@QBE_NXZ 10002804 f   CellBuffer.obj
 0001:00001814       ?StartUndo@UndoHistory@@QAEHXZ 10002814 f   CellBuffer.obj
 0001:00001849       ?CompletedUndoStep@UndoHistory@@QAEXXZ 10002849 f   CellBuffer.obj
 0001:0000184d       ?CanRedo@UndoHistory@@QBE_NXZ 1000284d f   CellBuffer.obj
 0001:0000185b       ?StartRedo@UndoHistory@@QAEHXZ 1000285b f   CellBuffer.obj
 0001:0000189a       ?GetRedoStep@UndoHistory@@QBEABVAction@@XZ 1000289a f   CellBuffer.obj
 0001:0000189a       ?GetUndoStep@UndoHistory@@QBEABVAction@@XZ 1000289a f   CellBuffer.obj
 0001:000018a6       ?CompletedRedoStep@UndoHistory@@QAEXXZ 100028a6 f   CellBuffer.obj
 0001:000018aa       ??0CellBuffer@@QAE@H@Z     100028aa f   CellBuffer.obj
 0001:00001901       ??1CellBuffer@@QAE@XZ      10002901 f   CellBuffer.obj
 0001:00001936       ?GapTo@CellBuffer@@AAEXH@Z 10002936 f   CellBuffer.obj
 0001:000019b4       ?RoomFor@CellBuffer@@AAEXH@Z 100029b4 f   CellBuffer.obj
 0001:000019e3       ?SetByteAt@CellBuffer@@AAEXHD@Z 100029e3 f   CellBuffer.obj
 0001:00001a22       ?CharAt@CellBuffer@@QAEDH@Z 10002a22 f   CellBuffer.obj
 0001:00001a47       ?GetCharRange@CellBuffer@@QAEXPADHH@Z 10002a47 f   CellBuffer.obj
 0001:00001aa7       ?StyleAt@CellBuffer@@QAEDH@Z 10002aa7 f   CellBuffer.obj
 0001:00001ace       ?InsertString@CellBuffer@@QAEPBDHPADH@Z 10002ace f   CellBuffer.obj
 0001:00001b38       ?SetStyleAt@CellBuffer@@QAE_NHDD@Z 10002b38 f   CellBuffer.obj
 0001:00001b92       ?SetStyleFor@CellBuffer@@QAE_NHHDD@Z 10002b92 f   CellBuffer.obj
 0001:00001bfa       ?DeleteChars@CellBuffer@@QAEPBDHH@Z 10002bfa f   CellBuffer.obj
 0001:00001c7e       ?MainHWND@ScintillaWin@@AAEPAUHWND__@@XZ 10002c7e f   CellBuffer.obj
 0001:00001c7e       ?ByteLength@CellBuffer@@QAEHXZ 10002c7e f   CellBuffer.obj
 0001:00001c82       ?Length@CellBuffer@@QAEHXZ 10002c82 f   CellBuffer.obj
 0001:00001c8d       ?Allocate@CellBuffer@@QAEXH@Z 10002c8d f   CellBuffer.obj
 0001:00001cdb       ?Lines@CellBuffer@@QAEHXZ  10002cdb f   CellBuffer.obj
 0001:00001cdf       ?LineStart@CellBuffer@@QAEHH@Z 10002cdf f   CellBuffer.obj
 0001:00001d00       ?IsReadOnly@CellBuffer@@QAE_NXZ 10002d00 f   CellBuffer.obj
 0001:00001d04       ?SetReadOnly@CellBuffer@@QAEX_N@Z 10002d04 f   CellBuffer.obj
 0001:00001d0e       ?SetSavePoint@CellBuffer@@QAEXXZ 10002d0e f   CellBuffer.obj
 0001:00001d16       ?IsSavePoint@CellBuffer@@QAE_NXZ 10002d16 f   CellBuffer.obj
 0001:00001d1e       ?AddMark@CellBuffer@@QAEHHH@Z 10002d1e f   CellBuffer.obj
 0001:00001d40       ?DeleteMark@CellBuffer@@QAEXHH@Z 10002d40 f   CellBuffer.obj
 0001:00001d5f       ?DeleteMarkFromHandle@CellBuffer@@QAEXH@Z 10002d5f f   CellBuffer.obj
 0001:00001d6e       ?GetMark@CellBuffer@@QAEHH@Z 10002d6e f   CellBuffer.obj
 0001:00001d94       ?DeleteAllMarks@CellBuffer@@QAEXH@Z 10002d94 f   CellBuffer.obj
 0001:00001dbd       ?LineFromHandle@CellBuffer@@QAEHH@Z 10002dbd f   CellBuffer.obj
 0001:00001dcc       ?BasicInsertString@CellBuffer@@QAEXHPADH@Z 10002dcc f   CellBuffer.obj
 0001:00001f4d       ?BasicDeleteChars@CellBuffer@@QAEXHH@Z 10002f4d f   CellBuffer.obj
 0001:00002107       ?SetUndoCollection@CellBuffer@@QAE_N_N@Z 10003107 f   CellBuffer.obj
 0001:00002120       ?IsCollectingUndo@CellBuffer@@QAE_NXZ 10003120 f   CellBuffer.obj
 0001:00002124       ?BeginUndoAction@CellBuffer@@QAEXXZ 10003124 f   CellBuffer.obj
 0001:0000212c       ?EndUndoAction@CellBuffer@@QAEXXZ 1000312c f   CellBuffer.obj
 0001:00002134       ?DeleteUndoHistory@CellBuffer@@QAEXXZ 10003134 f   CellBuffer.obj
 0001:0000213c       ?CanUndo@CellBuffer@@QAE_NXZ 1000313c f   CellBuffer.obj
 0001:00002144       ?StartUndo@CellBuffer@@QAEHXZ 10003144 f   CellBuffer.obj
 0001:0000214c       ?PerformUndoStep@CellBuffer@@QAEXXZ 1000314c f   CellBuffer.obj
 0001:000021d5       ?CanRedo@CellBuffer@@QAE_NXZ 100031d5 f   CellBuffer.obj
 0001:000021dd       ?StartRedo@CellBuffer@@QAEHXZ 100031dd f   CellBuffer.obj
 0001:000021e5       ?GetRedoStep@CellBuffer@@QBEABVAction@@XZ 100031e5 f   CellBuffer.obj
 0001:000021e5       ?GetUndoStep@CellBuffer@@QBEABVAction@@XZ 100031e5 f   CellBuffer.obj
 0001:000021ed       ?PerformRedoStep@CellBuffer@@QAEXXZ 100031ed f   CellBuffer.obj
 0001:00002276       ?SetLineState@CellBuffer@@QAEHHH@Z 10003276 f   CellBuffer.obj
 0001:000022a0       ??ASVector@@QAEAAHI@Z      100032a0 f i CellBuffer.obj
 0001:000022c8       ?SizeTo@SVector@@AAEXH@Z   100032c8 f i CellBuffer.obj
 0001:0000233c       ?GetLineState@CellBuffer@@QAEHH@Z 1000333c f   CellBuffer.obj
 0001:0000234d       ?GetMaxLineState@CellBuffer@@QAEHXZ 1000334d f   CellBuffer.obj
 0001:00002351       ?SetLevel@CellBuffer@@QAEHHH@Z 10003351 f   CellBuffer.obj
 0001:0000238a       ?GetLevel@CellBuffer@@QAEHH@Z 1000338a f   CellBuffer.obj
 0001:000023ab       ?ClearLevels@CellBuffer@@QAEXXZ 100033ab f   CellBuffer.obj
 0001:000023b3       ??0CharClassify@@QAE@XZ    100033b3 f   CharClassify.obj
 0001:000023c1       ?SetDefaultCharClasses@CharClassify@@QAEX_N@Z 100033c1 f   CharClassify.obj
 0001:0000241b       ?SetCharClasses@CharClassify@@QAEXPBEW4cc@1@@Z 1000341b f   CharClassify.obj
 0001:0000243f       ??0OneLine@@QAE@XZ         1000343f f   ContractionState.obj
 0001:0000245b       ??0ContractionState@@QAE@XZ 1000345b f   ContractionState.obj
 0001:0000247e       ??_EContractionState@@UAEPAXI@Z 1000347e f i ContractionState.obj
 0001:0000247e       ??_GContractionState@@UAEPAXI@Z 1000347e f i ContractionState.obj
 0001:0000249a       ??1ContractionState@@UAE@XZ 1000349a f   ContractionState.obj
 0001:000024a5       ?MakeValid@ContractionState@@ABEXXZ 100034a5 f   ContractionState.obj
 0001:0000256b       ?Clear@ContractionState@@QAEXXZ 1000356b f   ContractionState.obj
 0001:0000259f       ?LinesDisplayed@ContractionState@@QBEHXZ 1000359f f   ContractionState.obj
 0001:000025b2       ?DisplayFromDoc@ContractionState@@QBEHH@Z 100035b2 f   ContractionState.obj
 0001:000025e8       ?DocFromDisplay@ContractionState@@QBEHH@Z 100035e8 f   ContractionState.obj
 0001:00002622       ?Grow@ContractionState@@AAEXH@Z 10003622 f   ContractionState.obj
 0001:000026f9       ??_EOneLine@@UAEPAXI@Z     100036f9 f i ContractionState.obj
 0001:0000274c       ?InsertLines@ContractionState@@QAEXHH@Z 1000374c f   ContractionState.obj
 0001:0000281b       ?DeleteLines@ContractionState@@QAEXHH@Z 1000381b f   ContractionState.obj
 0001:000028c5       ?GetVisible@ContractionState@@QBE_NH@Z 100038c5 f   ContractionState.obj
 0001:000028ed       ?SetVisible@ContractionState@@QAE_NHH_N@Z 100038ed f   ContractionState.obj
 0001:00002976       ?GetExpanded@ContractionState@@QBE_NH@Z 10003976 f   ContractionState.obj
 0001:0000299e       ?SetExpanded@ContractionState@@QAE_NH_N@Z 1000399e f   ContractionState.obj
 0001:000029e8       ?GetHeight@ContractionState@@QBEHH@Z 100039e8 f   ContractionState.obj
 0001:00002a0d       ?SetHeight@ContractionState@@QAE_NHH@Z 10003a0d f   ContractionState.obj
 0001:00002a59       ?ShowAll@ContractionState@@QAEXXZ 10003a59 f   ContractionState.obj
 0001:00002a8a       ??0Document@@QAE@XZ        10003a8a f   Document.obj
 0001:00002b36       ??_GDocument@@UAEPAXI@Z    10003b36 f i Document.obj
 0001:00002b36       ??_EDocument@@UAEPAXI@Z    10003b36 f i Document.obj
 0001:00002b52       ??1Document@@UAE@XZ        10003b52 f   Document.obj
 0001:00002be4       ?AddRef@Document@@QAEHXZ   10003be4 f   Document.obj
 0001:00002bee       ?Release@Document@@QAEHXZ  10003bee f   Document.obj
 0001:00002c07       ?SetSavePoint@Document@@QAEXXZ 10003c07 f   Document.obj
 0001:00002c1d       ?AddMark@Document@@QAEHHH@Z 10003c1d f   Document.obj
 0001:00002c7e       ?AddMarkSet@Document@@QAEXHH@Z 10003c7e f   Document.obj
 0001:00002cef       ?DeleteMark@Document@@QAEXHH@Z 10003cef f   Document.obj
 0001:00002d4a       ?DeleteMarkFromHandle@Document@@QAEXH@Z 10003d4a f   Document.obj
 0001:00002d9a       ?DeleteAllMarks@Document@@QAEXH@Z 10003d9a f   Document.obj
 0001:00002dea       ?LineStart@Document@@QAEHH@Z 10003dea f   Document.obj
 0001:00002df9       ?LineEnd@Document@@QAEHH@Z 10003df9 f   Document.obj
 0001:00002e4b       ?LineFromPosition@Document@@QAEHH@Z 10003e4b f   Document.obj
 0001:00002e5a       ?LineEndPosition@Document@@QAEHH@Z 10003e5a f   Document.obj
 0001:00002e72       ?VCHomePosition@Document@@QAEHH@Z 10003e72 f   Document.obj
 0001:00002ed3       ?SetLevel@Document@@QAEHHH@Z 10003ed3 f   Document.obj
 0001:00002f3c       ?GetLastChild@Document@@QAEHHH@Z 10003f3c f   Document.obj
 0001:0000300e       ?GetFoldParent@Document@@QAEHH@Z 1000400e f   Document.obj
 0001:00003073       ?ClampPositionIntoDocument@Document@@QAEHH@Z 10004073 f   Document.obj
 0001:0000308d       ?IsCrLf@Document@@QAE_NH@Z 1000408d f   Document.obj
 0001:000030cf       ?LenChar@Document@@QAEHH@Z 100040cf f   Document.obj
 0001:00003185       ?MovePositionOutsideChar@Document@@QAEHHH_N@Z 10004185 f   Document.obj
 0001:000032be       ?ModifiedAt@Document@@QAEXH@Z 100042be f   Document.obj
 0001:000032d1       ?CheckReadOnly@Document@@AAEXXZ 100042d1 f   Document.obj
 0001:00003302       ?DeleteChars@Document@@QAE_NHH@Z 10004302 f   Document.obj
 0001:00003455       ?InsertStyledString@Document@@QAE_NHPADH@Z 10004455 f   Document.obj
 0001:00003589       ?Undo@Document@@QAEHXZ     10004589 f   Document.obj
 0001:00003749       ?Redo@Document@@QAEHXZ     10004749 f   Document.obj
 0001:0000390c       ?InsertChar@Document@@QAE_NHD@Z 1000490c f   Document.obj
 0001:0000392e       ?InsertString@Document@@QAE_NHPBD@Z 1000492e f   Document.obj
 0001:0000394f       ?InsertString@Document@@QAE_NHPBDI@Z 1000494f f   Document.obj
 0001:000039b2       ?ChangeChar@Document@@QAEXHD@Z 100049b2 f   Document.obj
 0001:000039d3       ?DelChar@Document@@QAEXH@Z 100049d3 f   Document.obj
 0001:000039ef       ?DelCharBack@Document@@QAEXH@Z 100049ef f   Document.obj
 0001:00003a3d       ?GetLineIndentation@Document@@QAEHH@Z 10004a3d f   Document.obj
 0001:00003abf       ?SetLineIndentation@Document@@QAEXHH@Z 10004abf f   Document.obj
 0001:00003b9b       ?GetLineIndentPosition@Document@@QAEHH@Z 10004b9b f   Document.obj
 0001:00003be6       ?GetColumn@Document@@QAEHH@Z 10004be6 f   Document.obj
 0001:00003c57       ?FindColumn@Document@@QAEHHH@Z 10004c57 f   Document.obj
 0001:00003cd3       ?Indent@Document@@QAEX_NHH@Z 10004cd3 f   Document.obj
 0001:00003d43       ?TransformLineEnds@Document@@SAPADPAHPBDIH@Z 10004d43 f   Document.obj
 0001:00003dcf       ?ConvertLineEnds@Document@@QAEXH@Z 10004dcf f   Document.obj
 0001:00003eaf       ?IsWhiteLine@Document@@QAE_NH@Z 10004eaf f   Document.obj
 0001:00003efc       ?ParaUp@Document@@QAEHH@Z  10004efc f   Document.obj
 0001:00003f3e       ?ParaDown@Document@@QAEHH@Z 10004f3e f   Document.obj
 0001:00003fa4       ?WordCharClass@Document@@AAE?AW4cc@CharClassify@@E@Z 10004fa4 f   Document.obj
 0001:00003fc9       ?ExtendWordSelect@Document@@QAEHHH_N@Z 10004fc9 f   Document.obj
 0001:00004079       ?NextWordStart@Document@@QAEHHH@Z 10005079 f   Document.obj
 0001:0000414a       ?NextWordEnd@Document@@QAEHHH@Z 1000514a f   Document.obj
 0001:00004231       ?IsWordStartAt@Document@@AAE_NH@Z 10005231 f   Document.obj
 0001:00004285       ?IsWordEndAt@Document@@AAE_NH@Z 10005285 f   Document.obj
 0001:000042e2       ?IsWordAt@Document@@AAE_NHH@Z 100052e2 f   Document.obj
 0001:0000430c       ?FindText@Document@@QAEJHHPBD_N1111PAH@Z 1000530c f   Document.obj
 0001:00004794       ??_GCharacterIndexer@@UAEPAXI@Z 10005794 f i Document.obj
 0001:00004794       ??_EDocumentIndexer@@UAEPAXI@Z 10005794 f i Document.obj
 0001:00004794       ??_GDocumentIndexer@@UAEPAXI@Z 10005794 f i Document.obj
 0001:00004794       ??_ECharacterIndexer@@UAEPAXI@Z 10005794 f i Document.obj
 0001:000047b1       ?CharAt@DocumentIndexer@@UAEDH@Z 100057b1 f i Document.obj
 0001:000047d1       ?SubstituteByPosition@Document@@QAEPBDPBDPAH@Z 100057d1 f   Document.obj
 0001:0000498b       ?LinesTotal@Document@@QAEHXZ 1000598b f   Document.obj
 0001:00004993       ?ChangeCase@Document@@QAEXVRange@@_N@Z 10005993 f   Document.obj
 0001:00004a30       ?SetDefaultCharClasses@Document@@QAEX_N@Z 10005a30 f   Document.obj
 0001:00004a3f       ?SetCharClasses@Document@@QAEXPBEW4cc@CharClassify@@@Z 10005a3f f   Document.obj
 0001:00004a52       ?SetStylingBits@Document@@QAEXH@Z 10005a52 f   Document.obj
 0001:00004a7e       ?StartStyling@Document@@QAEXHD@Z 10005a7e f   Document.obj
 0001:00004a95       ?SetStyleFor@Document@@QAE_NHD@Z 10005a95 f   Document.obj
 0001:00004b27       ?SetStyles@Document@@QAE_NHPAD@Z 10005b27 f   Document.obj
 0001:00004bf5       ?EnsureStyledTo@Document@@QAE_NH@Z 10005bf5 f   Document.obj
 0001:00004c47       ?IncrementStyleClock@Document@@QAEXXZ 10005c47 f   Document.obj
 0001:00004c63       ?AddWatcher@Document@@QAE_NPAVDocWatcher@@PAX@Z 10005c63 f   Document.obj
 0001:00004d32       ?RemoveWatcher@Document@@QAE_NPAVDocWatcher@@PAX@Z 10005d32 f   Document.obj
 0001:00004e2c       ?NotifyModifyAttempt@Document@@AAEXXZ 10005e2c f   Document.obj
 0001:00004e5c       ?NotifySavePoint@Document@@AAEX_N@Z 10005e5c f   Document.obj
 0001:00004e92       ?NotifyModified@Document@@AAEXVDocModification@@@Z 10005e92 f   Document.obj
 0001:00004edc       ?IsWordPartSeparator@Document@@QAE_ND@Z 10005edc f   Document.obj
 0001:00004f0a       ?WordPartLeft@Document@@QAEHH@Z 10005f0a f   Document.obj
 0001:00005139       ?WordPartRight@Document@@QAEHH@Z 10006139 f   Document.obj
 0001:0000534c       ?ExtendStyleRange@Document@@QAEHHH_N@Z 1000634c f   Document.obj
 0001:000053d8       ?BraceMatch@Document@@QAEHHH@Z 100063d8 f   Document.obj
 0001:000054f1       ??1DocumentAccessor@@UAE@XZ 100064f1 f   DocumentAccessor.obj
 0001:000054f8       ??_EAccessor@@UAEPAXI@Z    100064f8 f i DocumentAccessor.obj
 0001:000054f8       ??_GAccessor@@UAEPAXI@Z    100064f8 f i DocumentAccessor.obj
 0001:00005515       ?InternalIsLeadByte@DocumentAccessor@@MAE_ND@Z 10006515 f   DocumentAccessor.obj
 0001:00005535       ?Fill@DocumentAccessor@@MAEXH@Z 10006535 f   DocumentAccessor.obj
 0001:000055de       ?Match@DocumentAccessor@@UAE_NHPBD@Z 100065de f   DocumentAccessor.obj
 0001:00005611       ?SafeGetCharAt@Accessor@@QAEDHD@Z 10006611 f i DocumentAccessor.obj
 0001:00005656       ?StyleAt@DocumentAccessor@@UAEDH@Z 10006656 f   DocumentAccessor.obj
 0001:00005675       ?GetLine@DocumentAccessor@@UAEHH@Z 10006675 f   DocumentAccessor.obj
 0001:00005687       ?LineStart@DocumentAccessor@@UAEHH@Z 10006687 f   DocumentAccessor.obj
 0001:00005699       ?LevelAt@DocumentAccessor@@UAEHH@Z 10006699 f   DocumentAccessor.obj
 0001:000056ae       ?Length@DocumentAccessor@@UAEHXZ 100066ae f   DocumentAccessor.obj
 0001:000056d2       ?GetLineState@DocumentAccessor@@UAEHH@Z 100066d2 f   DocumentAccessor.obj
 0001:000056e7       ?SetLineState@DocumentAccessor@@UAEHHH@Z 100066e7 f   DocumentAccessor.obj
 0001:00005700       ?StartAt@DocumentAccessor@@UAEXID@Z 10006700 f   DocumentAccessor.obj
 0001:0000572e       ?StartSegment@DocumentAccessor@@UAEXI@Z 1000672e f   DocumentAccessor.obj
 0001:0000573b       ?ColourTo@DocumentAccessor@@UAEXIH@Z 1000673b f   DocumentAccessor.obj
 0001:00005800       ?SetLevel@DocumentAccessor@@UAEXHH@Z 10006800 f   DocumentAccessor.obj
 0001:00005816       ?Flush@DocumentAccessor@@UAEXXZ 10006816 f   DocumentAccessor.obj
 0001:0000585c       ?IndentAmount@DocumentAccessor@@UAEHHPAHP6A_NAAVAccessor@@HH@Z@Z 1000685c f   DocumentAccessor.obj
 0001:00005975       ??AAccessor@@QAEDH@Z       10006975 f i DocumentAccessor.obj
 0001:000059a4       ??0Caret@@QAE@XZ           100069a4 f   Editor.obj
 0001:000059b5       ??0Timer@@QAE@XZ           100069b5 f   Editor.obj
 0001:000059c2       ??0Idler@@QAE@XZ           100069c2 f   Editor.obj
 0001:000059cc       ??0LineLayout@@QAE@H@Z     100069cc f   Editor.obj
 0001:00005a32       ??_GLineLayout@@UAEPAXI@Z  10006a32 f i Editor.obj
 0001:00005a32       ??_ELineLayout@@UAEPAXI@Z  10006a32 f i Editor.obj
 0001:00005a4e       ??1LineLayout@@UAE@XZ      10006a4e f   Editor.obj
 0001:00005a59       ?Resize@LineLayout@@QAEXH@Z 10006a59 f   Editor.obj
 0001:00005aa6       ?Free@LineLayout@@QAEXXZ   10006aa6 f   Editor.obj
 0001:00005ae9       ?Invalidate@LineLayout@@QAEXW4validLevel@1@@Z 10006ae9 f   Editor.obj
 0001:00005af8       ?SetLineStart@LineLayout@@QAEXHH@Z 10006af8 f   Editor.obj
 0001:00005b61       ?SetBracesHighlight@LineLayout@@QAEXVRange@@QAHDH@Z 10006b61 f   Editor.obj
 0001:00005bee       ?RestoreBracesHighlight@LineLayout@@QAEXVRange@@QAH@Z 10006bee f   Editor.obj
 0001:00005c5c       ??0LineLayoutCache@@QAE@XZ 10006c5c f   Editor.obj
 0001:00005c87       ??_ELineLayoutCache@@UAEPAXI@Z 10006c87 f i Editor.obj
 0001:00005c87       ??_GLineLayoutCache@@UAEPAXI@Z 10006c87 f i Editor.obj
 0001:00005ca3       ??1LineLayoutCache@@UAE@XZ 10006ca3 f   Editor.obj
 0001:00005cae       ?Allocate@LineLayoutCache@@AAEXH@Z 10006cae f   Editor.obj
 0001:00005cfd       ?AllocateForLevel@LineLayoutCache@@AAEXHH@Z 10006cfd f   Editor.obj
 0001:00005d6a       ?Deallocate@LineLayoutCache@@QAEXXZ 10006d6a f   Editor.obj
 0001:00005da3       ?Invalidate@LineLayoutCache@@QAEXW4validLevel@LineLayout@@@Z 10006da3 f   Editor.obj
 0001:00005de3       ?SetLevel@LineLayoutCache@@QAEXH@Z 10006de3 f   Editor.obj
 0001:00005e00       ?Retrieve@LineLayoutCache@@QAEPAVLineLayout@@HHHHHH@Z 10006e00 f   Editor.obj
 0001:00005f21       ?Dispose@LineLayoutCache@@QAEXPAVLineLayout@@@Z 10006f21 f   Editor.obj
 0001:00005f43       ??0Editor@@IAE@XZ          10006f43 f   Editor.obj
 0001:00006269       ??_EDocWatcher@@UAEPAXI@Z  10007269 f i Editor.obj
 0001:00006269       ??_GDocWatcher@@UAEPAXI@Z  10007269 f i Editor.obj
 0001:00006286       ?GetCtrlID@Editor@@MAEHXZ  10007286 f i Editor.obj
 0001:0000628d       ?SetIdle@Editor@@MAE_N_N@Z 1000728d f i Editor.obj
 0001:00006292       ?ValidCodePage@Editor@@MBE_NH@Z 10007292 f i Editor.obj
 0001:00006297       ??_GEditor@@MAEPAXI@Z      10007297 f i Editor.obj
 0001:00006297       ??_EEditor@@MAEPAXI@Z      10007297 f i Editor.obj
 0001:000062b3       ??1Editor@@MAE@XZ          100072b3 f   Editor.obj
 0001:00006380       ?Free@SelectionText@@QAEXXZ 10007380 f i Editor.obj
 0001:0000639d       ?Finalise@Editor@@MAEXXZ   1000739d f   Editor.obj
 0001:000063b3       ?DropGraphics@Editor@@IAEXXZ 100073b3 f   Editor.obj
 0001:000063ef       ?InvalidateStyleData@Editor@@IAEXXZ 100073ef f   Editor.obj
 0001:00006446       ?InvalidateStyleRedraw@Editor@@IAEXXZ 10007446 f   Editor.obj
 0001:00006465       ?RefreshColourPalette@Editor@@MAEXAAVPalette@@_N@Z 10007465 f   Editor.obj
 0001:00006478       ?RefreshStyleData@Editor@@IAEXXZ 10007478 f   Editor.obj
 0001:000064dc       ??0AutoSurface@@QAE@PAVEditor@@@Z 100074dc f i Editor.obj
 0001:0000653b       ??1AutoSurface@@QAE@XZ     1000753b f i Editor.obj
 0001:00006548       ?GetClientRectangle@Editor@@MAE?AVPRectangle@@XZ 10007548 f   Editor.obj
 0001:0000655b       ?GetTextRectangle@Editor@@IAE?AVPRectangle@@XZ 1000755b f   Editor.obj
 0001:00006594       ?LinesOnScreen@Editor@@IAEHXZ 10007594 f   Editor.obj
 0001:000065b8       ?LinesToScroll@Editor@@IAEHXZ 100075b8 f   Editor.obj
 0001:000065c7       ?MaxScrollPos@Editor@@IAEHXZ 100075c7 f   Editor.obj
 0001:000065fa       ?ControlCharacterString@@YAPBDE@Z 100075fa f   Editor.obj
 0001:000066fa       ?LocationFromPosition@Editor@@IAE?AVPoint@@H@Z 100076fa f   Editor.obj
 0001:0000690b       ?XFromPosition@Editor@@IAEHH@Z 1000790b f   Editor.obj
 0001:00006933       ?LineFromLocation@Editor@@IAEHVPoint@@@Z 10007933 f   Editor.obj
 0001:00006953       ?SetTopLine@Editor@@IAEXH@Z 10007953 f   Editor.obj
 0001:00006982       ?PositionFromLocation@Editor@@IAEHVPoint@@@Z 10007982 f   Editor.obj
 0001:00006b76       ?PositionFromLocationClose@Editor@@IAEHVPoint@@@Z 10007b76 f   Editor.obj
 0001:00006d71       ?PositionFromLineX@Editor@@IAEHHH@Z 10007d71 f   Editor.obj
 0001:00006e90       ?AbandonPaint@Editor@@IAE_NXZ 10007e90 f   Editor.obj
 0001:00006eb7       ?RedrawRect@Editor@@IAEXVPRectangle@@@Z 10007eb7 f   Editor.obj
 0001:00006f24       ?Redraw@Editor@@IAEXXZ     10007f24 f   Editor.obj
 0001:00006f53       ?RedrawSelMargin@Editor@@IAEXH@Z 10007f53 f   Editor.obj
 0001:00006fd5       ?RectangleFromRange@Editor@@IAE?AVPRectangle@@HH@Z 10007fd5 f   Editor.obj
 0001:000070bc       ?InvalidateRange@Editor@@IAEXHH@Z 100080bc f   Editor.obj
 0001:000070ef       ?CurrentPosition@Editor@@IAEHXZ 100080ef f   Editor.obj
 0001:000070f6       ?SelectionEmpty@Editor@@IAE_NXZ 100080f6 f   Editor.obj
 0001:00007108       ?SelectionStart@Editor@@IAEHXZ 10008108 f   Editor.obj
 0001:0000711c       ?SelectionEnd@Editor@@IAEHXZ 1000811c f   Editor.obj
 0001:00007130       ?SetRectangularRange@Editor@@IAEXXZ 10008130 f   Editor.obj
 0001:00007162       ?InvalidateSelection@Editor@@IAEXHH@Z 10008162 f   Editor.obj
 0001:000071b6       ?SetSelection@Editor@@IAEXHH@Z 100081b6 f   Editor.obj
 0001:00007220       ?SetSelection@Editor@@IAEXH@Z 10008220 f   Editor.obj
 0001:00007263       ?SetEmptySelection@Editor@@IAEXH@Z 10008263 f   Editor.obj
 0001:00007284       ?RangeContainsProtected@Editor@@IBE_NHH@Z 10008284 f   Editor.obj
 0001:000072ff       ?SelectionContainsProtected@Editor@@IAE_NXZ 100082ff f   Editor.obj
 0001:00007359       ??0SelectionLineIterator@@QAE@PAVEditor@@_N@Z 10008359 f i Editor.obj
 0001:000073f3       ?Iterate@SelectionLineIterator@@QAE_NXZ 100083f3 f i Editor.obj
 0001:00007417       ?SetAt@SelectionLineIterator@@QAEXH@Z 10008417 f i Editor.obj
 0001:000074a8       ?MovePositionOutsideChar@Editor@@IAEHHH_N@Z 100084a8 f   Editor.obj
 0001:000075eb       ?MovePositionTo@Editor@@IAEHHW4selTypes@1@_N@Z 100085eb f   Editor.obj
 0001:00007668       ?MovePositionSoVisible@Editor@@IAEHHH@Z 10008668 f   Editor.obj
 0001:00007719       ?SetLastXChosen@Editor@@IAEXXZ 10008719 f   Editor.obj
 0001:0000773c       ?ScrollTo@Editor@@IAEXH_N@Z 1000873c f   Editor.obj
 0001:000077a1       ?ScrollText@Editor@@MAEXH@Z 100087a1 f   Editor.obj
 0001:000077a9       ?HorizontalScrollTo@Editor@@IAEXH@Z 100087a9 f   Editor.obj
 0001:00007801       ?MoveCaretInsideView@Editor@@IAEX_N@Z 10008801 f   Editor.obj
 0001:00007887       ?DisplayFromPosition@Editor@@IAEHH@Z 10008887 f   Editor.obj
 0001:00007952       ?EnsureCaretVisible@Editor@@IAEX_N00@Z 10008952 f   Editor.obj
 0001:00007da3       ?ShowCaretAtCurrentPosition@Editor@@IAEXXZ 10008da3 f   Editor.obj
 0001:00007ddf       ?DropCaret@Editor@@IAEXXZ  10008ddf f   Editor.obj
 0001:00007deb       ?InvalidateCaret@Editor@@IAEXXZ 10008deb f   Editor.obj
 0001:00007e13       ?NeedWrapping@Editor@@IAEXHH@Z 10008e13 f   Editor.obj
 0001:00007ea0       ?WrapLines@Editor@@IAE_N_NH@Z 10008ea0 f   Editor.obj
 0001:00008164       ?LinesJoin@Editor@@IAEXXZ  10009164 f   Editor.obj
 0001:00008212       ?StringFromEOLMode@@YAPBDH@Z 10009212 f   Editor.obj
 0001:00008231       ?LinesSplit@Editor@@IAEXH@Z 10009231 f   Editor.obj
 0001:000083ba       ?SubstituteMarkerIfEmpty@Editor@@IAEHHH@Z 100093ba f   Editor.obj
 0001:000083d4       ?PaintSelMargin@Editor@@IAEXPAVSurface@@AAVPRectangle@@@Z 100093d4 f   Editor.obj
 0001:000088d9       ?DrawTabArrow@@YAXPAVSurface@@VPRectangle@@H@Z 100098d9 f   Editor.obj
 0001:00008965       ?RetrieveLineLayout@Editor@@IAEPAVLineLayout@@H@Z 10009965 f   Editor.obj
 0001:000089e1       ?LayoutLine@Editor@@IAEXHPAVSurface@@AAVViewStyle@@PAVLineLayout@@H@Z 100099e1 f   Editor.obj
 0001:0000913f       ?SelectionBackground@Editor@@IAE?AVColourAllocated@@AAVViewStyle@@@Z 1000a13f f   Editor.obj
 0001:00009163       ?TextBackground@Editor@@IAE?AVColourAllocated@@AAVViewStyle@@_NV2@11HHPAVLineLayout@@@Z 1000a163 f   Editor.obj
 0001:000091fb       ?DrawIndentGuide@Editor@@IAEXPAVSurface@@HHHVPRectangle@@_N@Z 1000a1fb f   Editor.obj
 0001:00009265       ?DrawWrapMarker@Editor@@IAEXPAVSurface@@VPRectangle@@_NVColourAllocated@@@Z 1000a265 f   Editor.obj
 0001:00009349       ?MoveTo@Relative@?1??DrawWrapMarker@Editor@@IAEXPAVSurface@@VPRectangle@@_NVColourAllocated@@@Z@QAEXHH@Z 1000a349 f   Editor.obj
 0001:0000936f       ?LineTo@Relative@?1??DrawWrapMarker@Editor@@IAEXPAVSurface@@VPRectangle@@_NVColourAllocated@@@Z@QAEXHH@Z 1000a36f f   Editor.obj
 0001:00009395       ?DrawEOL@Editor@@IAEXPAVSurface@@AAVViewStyle@@VPRectangle@@PAVLineLayout@@HHHHH_NVColourAllocated@@45@Z 1000a395 f   Editor.obj
 0001:0000962b       ?DrawLine@Editor@@IAEXPAVSurface@@AAVViewStyle@@HHHVPRectangle@@PAVLineLayout@@H@Z 1000a62b f   Editor.obj
 0001:0000a6cc       ?RefreshPixMaps@Editor@@IAEXPAVSurface@@@Z 1000b6cc f   Editor.obj
 0001:0000a90d       ?Paint@Editor@@IAEXPAVSurface@@VPRectangle@@@Z 1000b90d f   Editor.obj
 0001:0000b2f3       ?InvertedLight@@YA?AVColourDesired@@V1@@Z 1000c2f3 f   Editor.obj
 0001:0000b38d       ?FormatRange@Editor@@IAEJ_NPAURangeToFormat@@@Z 1000c38d f   Editor.obj
 0001:0000b9a2       ??0AutoSurface@@QAE@PAXPAVEditor@@@Z 1000c9a2 f i Editor.obj
 0001:0000ba05       ?TextWidth@Editor@@IAEHHPBD@Z 1000ca05 f   Editor.obj
 0001:0000ba62       ?ReconfigureScrollBars@Editor@@MAEXXZ 1000ca62 f   Editor.obj
 0001:0000ba62       ?DebugPrintf@Platform@@SAXPBDZZ 1000ca62 f   Editor.obj
 0001:0000ba62       __fpclear                  1000ca62 f   Editor.obj
 0001:0000ba62       ?ClaimSelection@ScintillaWin@@EAEXXZ 1000ca62 f   Editor.obj
 0001:0000ba62       ?UpdateSystemCaret@Editor@@MAEXXZ 1000ca62 f   Editor.obj
 0001:0000ba62       ?StartDrag@Editor@@MAEXXZ  1000ca62 f   Editor.obj
 0001:0000ba63       ?SetScrollBars@Editor@@IAEXXZ 1000ca63 f   Editor.obj
 0001:0000baee       ?ChangeSize@Editor@@IAEXXZ 1000caee f   Editor.obj
 0001:0000bb4e       ?AddChar@Editor@@IAEXD@Z   1000cb4e f   Editor.obj
 0001:0000bb6c       ?AddCharUTF@Editor@@MAEXPADI_N@Z 1000cb6c f   Editor.obj
 0001:0000bcfe       ?ClearSelection@Editor@@IAEXXZ 1000ccfe f   Editor.obj
 0001:0000bdcc       ?ClearAll@Editor@@IAEXXZ   1000cdcc f   Editor.obj
 0001:0000be5d       ?ClearDocumentStyle@Editor@@IAEXXZ 1000ce5d f   Editor.obj
 0001:0000bea6       ?Cut@Editor@@IAEXXZ        1000cea6 f   Editor.obj
 0001:0000bed6       ?PasteRectangular@Editor@@IAEXHPBDH@Z 1000ced6 f   Editor.obj
 0001:0000c093       ?CanPaste@Editor@@MAE_NXZ  1000d093 f   Editor.obj
 0001:0000c0bc       ?Clear@Editor@@IAEXXZ      1000d0bc f   Editor.obj
 0001:0000c0fc       ?SelectAll@Editor@@IAEXXZ  1000d0fc f   Editor.obj
 0001:0000c120       ?Undo@Editor@@IAEXXZ       1000d120 f   Editor.obj
 0001:0000c166       ?Redo@Editor@@IAEXXZ       1000d166 f   Editor.obj
 0001:0000c1a5       ?DelChar@Editor@@IAEXXZ    1000d1a5 f   Editor.obj
 0001:0000c1dc       ?DelCharBack@Editor@@IAEX_N@Z 1000d1dc f   Editor.obj
 0001:0000c318       ?NotifyFocus@Editor@@MAEX_N@Z 1000d318 f   Editor.obj
 0001:0000c31b       ?NotifyStyleToNeeded@Editor@@MAEXH@Z 1000d31b f   Editor.obj
 0001:0000c35a       ?NotifyStyleNeeded@Editor@@MAEXPAVDocument@@PAXH@Z 1000d35a f   Editor.obj
 0001:0000c366       ?NotifyChar@Editor@@IAEXH@Z 1000d366 f   Editor.obj
 0001:0000c3cc       ?NotifySavePoint@Editor@@IAEX_N@Z 1000d3cc f   Editor.obj
 0001:0000c40d       ?NotifyModifyAttempt@Editor@@IAEXXZ 1000d40d f   Editor.obj
 0001:0000c444       ?NotifyDoubleClick@Editor@@MAEXVPoint@@_N@Z 1000d444 f   Editor.obj
 0001:0000c49f       ?NotifyHotSpotDoubleClicked@Editor@@IAEXH_N00@Z 1000d49f f   Editor.obj
 0001:0000c501       ?NotifyHotSpotClicked@Editor@@IAEXH_N00@Z 1000d501 f   Editor.obj
 0001:0000c563       ?NotifyUpdateUI@Editor@@IAEXXZ 1000d563 f   Editor.obj
 0001:0000c59a       ?NotifyPainted@Editor@@IAEXXZ 1000d59a f   Editor.obj
 0001:0000c5d1       ?NotifyMarginClick@Editor@@IAE_NVPoint@@_N11@Z 1000d5d1 f   Editor.obj
 0001:0000c68d       ?NotifyNeedShown@Editor@@IAEXHH@Z 1000d68d f   Editor.obj
 0001:0000c6d2       ?NotifyDwelling@Editor@@IAEXVPoint@@_N@Z 1000d6d2 f   Editor.obj
 0001:0000c72d       ?NotifyZoom@Editor@@IAEXXZ 1000d72d f   Editor.obj
 0001:0000c764       ?NotifyModifyAttempt@Editor@@MAEXPAVDocument@@PAX@Z 1000d764 f   Editor.obj
 0001:0000c76c       ?NotifyMove@Editor@@IAEXH@Z 1000d76c f   Editor.obj
 0001:0000c7ab       ?NotifySavePoint@Editor@@MAEXPAVDocument@@PAX_N@Z 1000d7ab f   Editor.obj
 0001:0000c7b7       ?CheckModificationForWrap@Editor@@IAEXVDocModification@@@Z 1000d7b7 f   Editor.obj
 0001:0000c808       ?NotifyModified@Editor@@MAEXPAVDocument@@VDocModification@@PAX@Z 1000d808 f   Editor.obj
 0001:0000cbaf       ?NotifyDeleted@Editor@@MAEXPAVDocument@@PAX@Z 1000dbaf f   Editor.obj
 0001:0000cbb2       ?NotifyMacroRecord@Editor@@IAEXIKJ@Z 1000dbb2 f   Editor.obj
 0001:0000cd45       ?PageMove@Editor@@IAEXHW4selTypes@1@_N@Z 1000dd45 f   Editor.obj
 0001:0000ce6f       ?ChangeCaseOfSelection@Editor@@IAEX_N@Z 1000de6f f   Editor.obj
 0001:0000cf17       ?LineTranspose@Editor@@IAEXXZ 1000df17 f   Editor.obj
 0001:0000d079       ?Duplicate@Editor@@IAEX_N@Z 1000e079 f   Editor.obj
 0001:0000d13c       ?CancelModes@Editor@@MAEXXZ 1000e13c f   Editor.obj
 0001:0000d144       ?NewLine@Editor@@IAEXXZ    1000e144 f   Editor.obj
 0001:0000d1ca       ?CursorUpOrDown@Editor@@IAEXHW4selTypes@1@@Z 1000e1ca f   Editor.obj
 0001:0000d24c       ?ParaUpOrDown@Editor@@IAEXHW4selTypes@1@@Z 1000e24c f   Editor.obj
 0001:0000d2fb       ?StartEndDisplayLine@Editor@@IAEHH_N@Z 1000e2fb f   Editor.obj
 0001:0000d483       ?KeyCommand@Editor@@MAEHI@Z 1000e483 f   Editor.obj
 0001:0000ddd6       ?KeyDefault@Editor@@MAEHHH@Z 1000edd6 f   Editor.obj
 0001:0000dddb       ?KeyDown@Editor@@IAEHH_N00PA_N@Z 1000eddb f   Editor.obj
 0001:0000de54       ?Indent@Editor@@IAEX_N@Z   1000ee54 f   Editor.obj
 0001:0000e154       ?FindText@Editor@@IAEJKJ@Z 1000f154 f   Editor.obj
 0001:0000e1c9       ?SearchAnchor@Editor@@IAEXXZ 1000f1c9 f   Editor.obj
 0001:0000e1d9       ?SearchText@Editor@@IAEJIKJ@Z 1000f1d9 f   Editor.obj
 0001:0000e2ad       ?SearchInTarget@Editor@@IAEJPBDH@Z 1000f2ad f   Editor.obj
 0001:0000e327       ?GoToLine@Editor@@IAEXH@Z  1000f327 f   Editor.obj
 0001:0000e37c       ?CopyRange@Editor@@IAEPADHH@Z 1000f37c f   Editor.obj
 0001:0000e3e4       ?CopySelectionFromRange@Editor@@IAEXPAVSelectionText@@HH@Z 1000f3e4 f   Editor.obj
 0001:0000e447       ?CopySelectionRange@Editor@@IAEXPAVSelectionText@@@Z 1000f447 f   Editor.obj
 0001:0000e5b8       ?CopyRangeToClipboard@Editor@@IAEXHH@Z 1000f5b8 f   Editor.obj
 0001:0000e663       ?CopyText@Editor@@IAEXHPBD@Z 1000f663 f   Editor.obj
 0001:0000e6b8       ?Copy@SelectionText@@QAEXPBDHHH_N@Z 1000f6b8 f i Editor.obj
 0001:0000e70e       ?SetDragPosition@Editor@@IAEXH@Z 1000f70e f   Editor.obj
 0001:0000e764       ?DisplayCursor@Editor@@MAEXW4Cursor@Window@@@Z 1000f764 f   Editor.obj
 0001:0000e781       ?DropAt@Editor@@IAEXHPBD_N1@Z 1000f781 f   Editor.obj
 0001:0000e8ec       ?PositionInSelection@Editor@@IAEHH@Z 1000f8ec f   Editor.obj
 0001:0000e96c       ?PointInSelection@Editor@@IAE_NVPoint@@@Z 1000f96c f   Editor.obj
 0001:0000ea12       ?PointInSelMargin@Editor@@IAE_NVPoint@@@Z 1000fa12 f   Editor.obj
 0001:0000ea68       ?LineSelection@Editor@@IAEXHH@Z 1000fa68 f   Editor.obj
 0001:0000eac0       ?DwellEnd@Editor@@IAEX_N@Z 1000fac0 f   Editor.obj
 0001:0000eb10       ?ButtonDown@Editor@@MAEXVPoint@@I_N11@Z 1000fb10 f   Editor.obj
 0001:0000ef15       ?PositionIsHotspot@Editor@@IAE_NH@Z 1000ff15 f   Editor.obj
 0001:0000ef4e       ?PointIsHotspot@Editor@@IAE_NVPoint@@@Z 1000ff4e f   Editor.obj
 0001:0000ef73       ?SetHotSpotRange@Editor@@IAEXPAVPoint@@@Z 1000ff73 f   Editor.obj
 0001:0000f035       ?GetHotSpotRange@Editor@@IAEXAAH0@Z 10010035 f   Editor.obj
 0001:0000f050       ?ButtonMove@Editor@@IAEXVPoint@@@Z 10010050 f   Editor.obj
 0001:0000f2c0       ?ButtonUp@Editor@@IAEXVPoint@@I_N@Z 100102c0 f   Editor.obj
 0001:0000f471       ?Tick@Editor@@IAEXXZ       10010471 f   Editor.obj
 0001:0000f527       ?Idle@Editor@@IAE_NXZ      10010527 f   Editor.obj
 0001:0000f55c       ?SetFocusState@Editor@@IAEX_N@Z 1001055c f   Editor.obj
 0001:0000f593       ?PaintContains@Editor@@MAE_NVPRectangle@@@Z 10010593 f   Editor.obj
 0001:0000f5cd       ?PaintContainsMargin@Editor@@IAE_NXZ 100105cd f   Editor.obj
 0001:0000f607       ?CheckForChangeOutsidePaint@Editor@@IAEXVRange@@@Z 10010607 f   Editor.obj
 0001:0000f688       ?SetBraceHighlight@Editor@@IAEXHHH@Z 10010688 f   Editor.obj
 0001:0000f727       ?SetDocPointer@Editor@@IAEXPAVDocument@@@Z 10010727 f   Editor.obj
 0001:0000f800       ?Expand@Editor@@IAEXAAH_N@Z 10010800 f   Editor.obj
 0001:0000f87c       ?ToggleContraction@Editor@@IAEXH@Z 1001087c f   Editor.obj
 0001:0000f981       ?EnsureLineVisible@Editor@@IAEXH_N@Z 10010981 f   Editor.obj
 0001:0000fb13       ?ReplaceTarget@Editor@@IAEH_NPBDH@Z 10010b13 f   Editor.obj
 0001:0000fbb8       ?IsUnicodeMode@Editor@@QBE_NXZ 10010bb8 f   Editor.obj
 0001:0000fbd5       ?CodePage@Editor@@IBEHXZ   10010bd5 f   Editor.obj
 0001:0000fbe9       ?WrapCount@Editor@@IAEHH@Z 10010be9 f   Editor.obj
 0001:0000fc50       ?WndProc@Editor@@UAEJIKJ@Z 10010c50 f   Editor.obj
 0001:00012748       ?WordListsToStrings@@YAPAPADQAPAVWordList@@@Z 10013748 f   ExternalLexer.obj
 0001:0001283c       ?DeleteWLStrings@@YAXQAPAD@Z 1001383c f   ExternalLexer.obj
 0001:00012865       ?Lex@ExternalLexerModule@@UBEXIHHQAPAVWordList@@AAVAccessor@@@Z 10013865 f   ExternalLexer.obj
 0001:000128b9       ?Fold@ExternalLexerModule@@UBEXIHHQAPAVWordList@@AAVAccessor@@@Z 100138b9 f   ExternalLexer.obj
 0001:0001290d       ?SetExternal@ExternalLexerModule@@UAEXP6GXIIHHQAPADPAXPAD@Z3H@Z 1001390d f   ExternalLexer.obj
 0001:00012925       ??0LexerLibrary@@QAE@PBD@Z 10013925 f   ExternalLexer.obj
 0001:00012a6f       ??_GExternalLexerModule@@UAEPAXI@Z 10013a6f f i ExternalLexer.obj
 0001:00012a6f       ??_GLexerModule@@UAEPAXI@Z 10013a6f f i ExternalLexer.obj
 0001:00012a6f       ??_ELexerModule@@UAEPAXI@Z 10013a6f f i ExternalLexer.obj
 0001:00012a6f       ??_EExternalLexerModule@@UAEPAXI@Z 10013a6f f i ExternalLexer.obj
 0001:00012a8c       ??1LexerLibrary@@QAE@XZ    10013a8c f   ExternalLexer.obj
 0001:00012ab7       ?Release@LexerLibrary@@QAEXXZ 10013ab7 f   ExternalLexer.obj
 0001:00012aeb       ?GetInstance@LexerManager@@SAPAV1@XZ 10013aeb f   ExternalLexer.obj
 0001:00012b11       ?DeleteInstance@LexerManager@@SAXXZ 10013b11 f   ExternalLexer.obj
 0001:00012b38       ??0LexerManager@@AAE@XZ    10013b38 f   ExternalLexer.obj
 0001:00012b42       ??1LexerManager@@QAE@XZ    10013b42 f   ExternalLexer.obj
 0001:00012b47       ?Load@LexerManager@@QAEXPBD@Z 10013b47 f   ExternalLexer.obj
 0001:00012b53       ?LoadLexerLibrary@LexerManager@@AAEXPBD@Z 10013b53 f   ExternalLexer.obj
 0001:00012b87       ?Clear@LexerManager@@QAEXXZ 10013b87 f   ExternalLexer.obj
 0001:00012bb6       ??1LMMinder@@QAE@XZ        10013bb6 f   ExternalLexer.obj
 0001:00012bdc       ?Draw@Indicator@@QAEXPAVSurface@@ABVPRectangle@@1@Z 10013bdc f   Indicator.obj
 0001:00012e20       ??0KeyMap@@QAE@XZ          10013e20 f   KeyMap.obj
 0001:00012e59       ??1KeyMap@@QAE@XZ          10013e59 f   KeyMap.obj
 0001:00012e5e       ?Clear@KeyMap@@QAEXXZ      10013e5e f   KeyMap.obj
 0001:00012e75       ?AssignCmdKey@KeyMap@@QAEXHHI@Z 10013e75 f   KeyMap.obj
 0001:00012f2f       ?Find@KeyMap@@QAEIHH@Z     10013f2f f   KeyMap.obj
 0001:00012f67       ??0LexerModule@@QAE@HP6AXIHHQAPAVWordList@@AAVAccessor@@@ZPBD2QBQBDH@Z 10013f67 f   KeyWords.obj
 0001:00012fc0       ?GetStyleBitsNeeded@LexerModule@@QBEHXZ 10013fc0 f   KeyWords.obj
 0001:00012fc4       ?Find@LexerModule@@SAPBV1@H@Z 10013fc4 f   KeyWords.obj
 0001:00012fde       ?Find@LexerModule@@SAPBV1@PBD@Z 10013fde f   KeyWords.obj
 0001:00013014       ?Lex@LexerModule@@UBEXIHHQAPAVWordList@@AAVAccessor@@@Z 10014014 f   KeyWords.obj
 0001:00013036       ?Fold@LexerModule@@UBEXIHHQAPAVWordList@@AAVAccessor@@@Z 10014036 f   KeyWords.obj
 0001:00013093       ?Scintilla_LinkLexers@@YAHXZ 10014093 f   KeyWords.obj
 0001:00013422       ??0StyleContext@@QAE@IIHAAVAccessor@@D@Z 10014422 f i LexAda.obj
 0001:000134bb       ?GetNextChar@StyleContext@@AAEXI@Z 100144bb f i LexAda.obj
 0001:00013533       ?Complete@StyleContext@@QAEXXZ 10014533 f i LexAda.obj
 0001:00013545       ?Forward@StyleContext@@QAEXXZ 10014545 f i LexAda.obj
 0001:00013598       ?SetState@StyleContext@@QAEXH@Z 10014598 f i LexAda.obj
 0001:00013625       ?ForwardSetState@StyleContext@@QAEXH@Z 10014625 f i LexAda.obj
 0001:00014800       ?Match@StyleContext@@QAE_NPBD@Z 10015800 f i LexAIPI.obj
 0001:00014847       ?isoperator@@YA_ND@Z       10015847 f i LexAIPI.obj
 0001:000148df       ??0SetOfCharacters@@QAE@PBDH_N@Z 100158df f i LexAIPI.obj
 0001:00014ede       ?iswordchar@@YA_ND@Z       10015ede f i LexAIPIBullant.obj
 0001:00014f09       ?iswordstart@@YA_ND@Z      10015f09 f i LexAIPIBullant.obj
 0001:00016f4e       ?isAveOperator@@YA_ND@Z    10017f4e f i LexAVE.obj
 0001:00017519       ?MatchIgnoreCase@StyleContext@@QAE_NPBD@Z 10018519 f i LexBaan.obj
 0001:00017767       ??0HereDocCls@?1??ColouriseBashDoc@@YAXIHHQAPAVWordList@@AAVAccessor@@@Z@QAE@XZ 10018767 f   LexBash.obj
 0001:00017790       ?New@QuoteCls@?1??ColourisePerlDoc@@YAXIHHQAPAVWordList@@AAVAccessor@@@Z@QAEXH@Z 10018790 f   LexBash.obj
 0001:00017790       ?New@QuoteCls@?1??ColouriseBashDoc@@YAXIHHQAPAVWordList@@AAVAccessor@@@Z@QAEXH@Z 10018790 f   LexBash.obj
 0001:000177a4       ?Open@QuoteCls@?1??ColouriseBashDoc@@YAXIHHQAPAVWordList@@AAVAccessor@@@Z@QAEXD@Z 100187a4 f   LexBash.obj
 0001:0001940a       ?ColouriseCamlDoc@@YAXIHHQAPAVWordList@@AAVAccessor@@@Z 1001a40a f   LexCaml.obj
 0001:00019998       ?IsADigit@@YA_NII@Z        1001a998 f i LexCaml.obj
 0001:000199de       ?FoldCamlDoc@@YAXIHHQAPAVWordList@@AAVAccessor@@@Z 1001a9de f   LexCaml.obj
 0001:0001a06f       ??0WordList@@QAE@_N@Z      1001b06f f i LexCLW.obj
 0001:0001a0b9       ?SetNumericConstantState@@YA_NAAVStyleContext@@@Z 1001b0b9 f i LexCLW.obj
 0001:0001a104       ?GetNextWordUpper@@YA_NAAVAccessor@@IHPAD@Z 1001b104 f i LexCLW.obj
 0001:0001c40f       ?IsCssOperator@@YA_ND@Z    1001d40f f i LexCSS.obj
 0001:0001e132       ?is_whitespace@@YA_NH@Z    1001f132 f   LexForth.obj
 0001:0001e151       ?getChar@@YAD_N@Z          1001f151 f   LexForth.obj
 0001:0001e182       ?is_eol@@YA_ND@Z           1001f182 f   LexForth.obj
 0001:0001e182       ?IsLineEndChar@@YA_ND@Z    1001f182 f   LexForth.obj
 0001:0001e197       ?parse@@YAHD_N@Z           1001f197 f   LexForth.obj
 0001:0001e28a       ?_is_number@@YA_NPADH@Z    1001f28a f   LexForth.obj
 0001:0001e2bc       ?is_number@@YA_NPAD@Z      1001f2bc f   LexForth.obj
 0001:0001e6ae       ?GetContinuedPos@@YAIIAAVAccessor@@@Z 1001f6ae f   LexFortran.obj
 0001:0001fa1f       ?isGCOperator@@YA_NH@Z     10020a1f f i LexGui4Cli.obj
 0001:00025fdd       ?isMMIXALOperator@@YA_ND@Z 10026fdd f i LexMMIXAL.obj
 0001:000261a9       ??0SString@@QAE@PBD@Z      100271a9 f i LexMPT.obj
 0001:00027d3f       ?HandleString@@YA_NAAIIAAVAccessor@@@Z 10028d3f f i LexOpal.obj
 0001:00027dc8       ?HandleCommentBlock@@YA_NAAIIAAVAccessor@@_N@Z 10028dc8 f i LexOpal.obj
 0001:00027e71       ?HandleCommentLine@@YA_NAAIIAAVAccessor@@_N@Z 10028e71 f i LexOpal.obj
 0001:00027f31       ?HandlePar@@YA_NAAIAAVAccessor@@@Z 10028f31 f i LexOpal.obj
 0001:00027f57       ?HandleSpace@@YA_NAAIIAAVAccessor@@@Z 10028f57 f i LexOpal.obj
 0001:00027fb9       ?HandleInteger@@YA_NAAIIAAVAccessor@@@Z 10028fb9 f i LexOpal.obj
 0001:00028019       ?HandleWord@@YA_NAAIIAAVAccessor@@QAPAVWordList@@@Z 10029019 f i LexOpal.obj
 0001:0002a86f       ?MatchUpperCase@@YA_NAAVAccessor@@HPBD@Z 1002b86f f   LexPB.obj
 0001:0002ad62       ??0HereDocCls@?1??ColourisePerlDoc@@YAXIHHQAPAVWordList@@AAVAccessor@@@Z@QAE@XZ 1002bd62 f   LexPerl.obj
 0001:0002ad88       ??1HereDocCls@?1??ColouriseBashDoc@@YAXIHHQAPAVWordList@@AAVAccessor@@@Z@QAE@XZ 1002bd88 f   LexPerl.obj
 0001:0002ad88       ??1HereDocCls@?1??ColourisePerlDoc@@YAXIHHQAPAVWordList@@AAVAccessor@@@Z@QAE@XZ 1002bd88 f   LexPerl.obj
 0001:0002ad92       ??0QuoteCls@?1??ColouriseBashDoc@@YAXIHHQAPAVWordList@@AAVAccessor@@@Z@QAE@XZ 1002bd92 f   LexPerl.obj
 0001:0002ad92       ??0QuoteCls@?1??ColourisePerlDoc@@YAXIHHQAPAVWordList@@AAVAccessor@@@Z@QAE@XZ 1002bd92 f   LexPerl.obj
 0001:0002ada0       ?Open@QuoteCls@?1??ColourisePerlDoc@@YAXIHHQAPAVWordList@@AAVAccessor@@@Z@QAEXD@Z 1002bda0 f   LexPerl.obj
 0001:0002ed80       ??0HereDocCls@?1??ColouriseRbDoc@@YAXIHHQAPAVWordList@@AAVAccessor@@@Z@QAE@XZ 1002fd80 f   LexRuby.obj
 0001:0002ed93       ??0QuoteCls@?1??ColouriseRbDoc@@YAXIHHQAPAVWordList@@AAVAccessor@@@Z@QAE@XZ 1002fd93 f   LexRuby.obj
 0001:0002ed9f       ?New@QuoteCls@?1??ColouriseRbDoc@@YAXIHHQAPAVWordList@@AAVAccessor@@@Z@QAEXXZ 1002fd9f f   LexRuby.obj
 0001:0002edaa       ?Open@QuoteCls@?1??ColouriseRbDoc@@YAXIHHQAPAVWordList@@AAVAccessor@@@Z@QAEXD@Z 1002fdaa f   LexRuby.obj
 0001:00036d6a       ?RefreshColourPalette@LineMarker@@QAEXAAVPalette@@_N@Z 10037d6a f   LineMarker.obj
 0001:00036da5       ?SetXPM@LineMarker@@QAEXPBD@Z 10037da5 f   LineMarker.obj
 0001:00036dea       ?Draw@LineMarker@@QAEXPAVSurface@@AAVPRectangle@@AAVSFont@@@Z 10037dea f   LineMarker.obj
 0001:00037715       ?IsNT@@YA_NXZ              10038715 f   PlatWin.obj
 0001:0003771b       ?FromLong@Point@@SA?AV1@J@Z 1003871b f   PlatWin.obj
 0001:00037732       ??0Palette@@QAE@XZ         10038732 f   PlatWin.obj
 0001:00037776       ??_FColourPair@@QAEXXZ     10038776 f i PlatWin.obj
 0001:00037781       ??1Palette@@QAE@XZ         10038781 f   PlatWin.obj
 0001:00037798       ?Release@Palette@@QAEXXZ   10038798 f   PlatWin.obj
 0001:000377ef       ?WantFind@Palette@@QAEXAAUColourPair@@_N@Z 100387ef f   PlatWin.obj
 0001:000378e8       ?Allocate@Palette@@QAEXAAVWindow@@@Z 100388e8 f   PlatWin.obj
 0001:00037996       ??0FontCached@@AAE@PBDHH_N1@Z 10038996 f   PlatWin.obj
 0001:00037a86       ??_EFontCached@@EAEPAXI@Z  10038a86 f i PlatWin.obj
 0001:00037a86       ??_GFontCached@@EAEPAXI@Z  10038a86 f i PlatWin.obj
 0001:00037aa8       ?SameAs@FontCached@@AAE_NPBDHH_N1@Z 10038aa8 f   PlatWin.obj
 0001:00037b07       ?Release@FontCached@@EAEXXZ 10038b07 f   PlatWin.obj
 0001:00037b1e       ?FindOrCreate@FontCached@@SAPAXPBDHH_N1@Z 10038b1e f   PlatWin.obj
 0001:00037bd9       ?ReleaseId@FontCached@@SAXPAX@Z 10038bd9 f   PlatWin.obj
 0001:00037c31       ??0SFont@@QAE@XZ           10038c31 f   PlatWin.obj
 0001:00037c3e       ??_ESFont@@UAEPAXI@Z       10038c3e f i PlatWin.obj
 0001:00037c3e       ??_GSFont@@UAEPAXI@Z       10038c3e f i PlatWin.obj
 0001:00037c5a       ??1SFont@@UAE@XZ           10038c5a f   PlatWin.obj
 0001:00037c61       ?Create@SFont@@UAEXPBDHH_N11@Z 10038c61 f   PlatWin.obj
 0001:00037c8b       ?Release@SFont@@UAEXXZ     10038c8b f   PlatWin.obj
 0001:00037ca2       ??0SurfaceImpl@@QAE@XZ     10038ca2 f   PlatWin.obj
 0001:00037d09       ??_ESurfaceImpl@@UAEPAXI@Z 10038d09 f i PlatWin.obj
 0001:00037d09       ??_GSurfaceImpl@@UAEPAXI@Z 10038d09 f i PlatWin.obj
 0001:00037d25       ??1SurfaceImpl@@UAE@XZ     10038d25 f   PlatWin.obj
 0001:00037d3b       ??_ESurface@@UAEPAXI@Z     10038d3b f i PlatWin.obj
 0001:00037d3b       ??_GSurface@@UAEPAXI@Z     10038d3b f i PlatWin.obj
 0001:00037d58       ?Release@SurfaceImpl@@UAEXXZ 10038d58 f   PlatWin.obj
 0001:00037df6       ?Initialised@SurfaceImpl@@UAE_NXZ 10038df6 f   PlatWin.obj
 0001:00037dff       ?Init@SurfaceImpl@@UAEXPAX@Z 10038dff f   PlatWin.obj
 0001:00037e23       ?Init@SurfaceImpl@@UAEXPAX0@Z 10038e23 f   PlatWin.obj
 0001:00037e3f       ?InitPixMap@SurfaceImpl@@UAEXHHPAVSurface@@PAX@Z 10038e3f f   PlatWin.obj
 0001:00037e8d       ?PenColour@SurfaceImpl@@UAEXVColourAllocated@@@Z 10038e8d f   PlatWin.obj
 0001:00037ed5       ?BrushColor@SurfaceImpl@@AAEXVColourAllocated@@@Z 10038ed5 f   PlatWin.obj
 0001:00037f23       ?SetFont@SurfaceImpl@@AAEXAAVSFont@@@Z 10038f23 f   PlatWin.obj
 0001:00037f59       ?LogPixelsY@SurfaceImpl@@UAEHXZ 10038f59 f   PlatWin.obj
 0001:00037f65       ?DeviceHeightFont@SurfaceImpl@@UAEHH@Z 10038f65 f   PlatWin.obj
 0001:00037f7a       ?MoveTo@SurfaceImpl@@UAEXHH@Z 10038f7a f   PlatWin.obj
 0001:00037f90       ?LineTo@SurfaceImpl@@UAEXHH@Z 10038f90 f   PlatWin.obj
 0001:00037fa4       ?Polygon@SurfaceImpl@@UAEXPAVPoint@@HVColourAllocated@@1@Z 10038fa4 f   PlatWin.obj
 0001:00037fd0       ?RectangleDraw@SurfaceImpl@@UAEXVPRectangle@@VColourAllocated@@1@Z 10038fd0 f   PlatWin.obj
 0001:00038002       ?FillRectangle@SurfaceImpl@@UAEXVPRectangle@@VColourAllocated@@@Z 10039002 f   PlatWin.obj
 0001:00038099       ?FillRectangle@SurfaceImpl@@UAEXVPRectangle@@AAVSurface@@@Z 10039099 f   PlatWin.obj
 0001:0003810f       ?RoundedRectangle@SurfaceImpl@@UAEXVPRectangle@@VColourAllocated@@1@Z 1003910f f   PlatWin.obj
 0001:00038149       ?AlphaRectangle@SurfaceImpl@@UAEXVPRectangle@@HVColourAllocated@@H1HH@Z 10039149 f   PlatWin.obj
 0001:00038409       ?Ellipse@SurfaceImpl@@UAEXVPRectangle@@VColourAllocated@@1@Z 10039409 f   PlatWin.obj
 0001:0003843b       ?Copy@SurfaceImpl@@UAEXVPRectangle@@VPoint@@AAVSurface@@@Z 1003943b f   PlatWin.obj
 0001:00038470       ?DrawTextCommon@SurfaceImpl@@QAEXVPRectangle@@AAVSFont@@HPBDHI@Z 10039470 f   PlatWin.obj
 0001:0003867a       ?DrawTextNoClip@SurfaceImpl@@UAEXVPRectangle@@AAVSFont@@HPBDHVColourAllocated@@3@Z 1003967a f   PlatWin.obj
 0001:000386c2       ?DrawTextClipped@SurfaceImpl@@UAEXVPRectangle@@AAVSFont@@HPBDHVColourAllocated@@3@Z 100396c2 f   PlatWin.obj
 0001:0003870a       ?DrawTextTransparent@SurfaceImpl@@UAEXVPRectangle@@AAVSFont@@HPBDHVColourAllocated@@@Z 1003970a f   PlatWin.obj
 0001:00038772       ?WidthText@SurfaceImpl@@UAEHAAVSFont@@PBDH@Z 10039772 f   PlatWin.obj
 0001:00038849       ?MeasureWidths@SurfaceImpl@@UAEXAAVSFont@@PBDHPAH@Z 10039849 f   PlatWin.obj
 0001:00038aa9       ?WidthChar@SurfaceImpl@@UAEHAAVSFont@@D@Z 10039aa9 f   PlatWin.obj
 0001:00038ad4       ?Ascent@SurfaceImpl@@UAEHAAVSFont@@@Z 10039ad4 f   PlatWin.obj
 0001:00038afa       ?Descent@SurfaceImpl@@UAEHAAVSFont@@@Z 10039afa f   PlatWin.obj
 0001:00038b20       ?InternalLeading@SurfaceImpl@@UAEHAAVSFont@@@Z 10039b20 f   PlatWin.obj
 0001:00038b46       ?ExternalLeading@SurfaceImpl@@UAEHAAVSFont@@@Z 10039b46 f   PlatWin.obj
 0001:00038b6c       ?Height@SurfaceImpl@@UAEHAAVSFont@@@Z 10039b6c f   PlatWin.obj
 0001:00038b92       ?AverageCharWidth@SurfaceImpl@@UAEHAAVSFont@@@Z 10039b92 f   PlatWin.obj
 0001:00038bb8       ?SetPalette@SurfaceImpl@@UAEHPAVPalette@@_N@Z 10039bb8 f   PlatWin.obj
 0001:00038bff       ?SetClip@SurfaceImpl@@UAEXVPRectangle@@@Z 10039bff f   PlatWin.obj
 0001:00038c1b       ?FlushCachedState@SurfaceImpl@@UAEXXZ 10039c1b f   PlatWin.obj
 0001:00038c27       ?SetUnicodeMode@SurfaceImpl@@UAEX_N@Z 10039c27 f   PlatWin.obj
 0001:00038c31       ?SetDBCSMode@SurfaceImpl@@UAEXH@Z 10039c31 f   PlatWin.obj
 0001:00038c5d       ?Allocate@Surface@@SAPAV1@XZ 10039c5d f   PlatWin.obj
 0001:00038c74       ??1Window@@UAE@XZ          10039c74 f   PlatWin.obj
 0001:00038c7b       ?Destroy@Window@@QAEXXZ    10039c7b f   PlatWin.obj
 0001:00038c92       ?GetPosition@Window@@QAE?AVPRectangle@@XZ 10039c92 f   PlatWin.obj
 0001:00038cc3       ?SetPosition@Window@@QAEXVPRectangle@@@Z 10039cc3 f   PlatWin.obj
 0001:00038ceb       ?SetPositionRelative@Window@@QAEXVPRectangle@@V1@@Z 10039ceb f   PlatWin.obj
 0001:00038d6b       ?GetClientPosition@Window@@QAE?AVPRectangle@@XZ 10039d6b f   PlatWin.obj
 0001:00038daf       ?Show@Window@@QAEX_N@Z     10039daf f   PlatWin.obj
 0001:00038dc8       ?InvalidateAll@Window@@QAEXXZ 10039dc8 f   PlatWin.obj
 0001:00038dd6       ?InvalidateRectangle@Window@@QAEXVPRectangle@@@Z 10039dd6 f   PlatWin.obj
 0001:00038e22       ?SetFont@Window@@UAEXAAVSFont@@@Z 10039e22 f   PlatWin.obj
 0001:00038e54       ?SetCursor@Window@@QAEXW4Cursor@1@@Z 10039e54 f   PlatWin.obj
 0001:00038f22       ?AllocWord@LineToItem@@AAEPADPBD@Z 10039f22 f   PlatWin.obj
 0001:00038fab       ?AllocItem@LineToItem@@QAEPAUListItemData@@XZ 10039fab f   PlatWin.obj
 0001:00039004       ?Append@LineToItem@@QAEPAUListItemData@@PBDH@Z 1003a004 f   PlatWin.obj
 0001:0003902a       ??0ListBox@@QAE@XZ         1003a02a f   PlatWin.obj
 0001:0003903b       ??_GListBox@@UAEPAXI@Z     1003a03b f i PlatWin.obj
 0001:0003903b       ??_EListBox@@UAEPAXI@Z     1003a03b f i PlatWin.obj
 0001:00039057       ??1ListBox@@UAE@XZ         1003a057 f   PlatWin.obj
 0001:000390a4       ?Allocate@ListBox@@SAPAV1@XZ 1003a0a4 f   PlatWin.obj
 0001:000390be       ??0ListBoxX@@QAE@XZ        1003a0be f i PlatWin.obj
 0001:00039140       ??0LineToItem@@QAE@XZ      1003a140 f i PlatWin.obj
 0001:00039156       ?SetDoubleClickAction@ListBoxX@@UAEXP6AXPAX@Z0@Z 1003a156 f i PlatWin.obj
 0001:00039167       ??_GListBoxX@@UAEPAXI@Z    1003a167 f i PlatWin.obj
 0001:00039167       ??_EListBoxX@@UAEPAXI@Z    1003a167 f i PlatWin.obj
 0001:00039183       ??1ListBoxX@@UAE@XZ        1003a183 f i PlatWin.obj
 0001:000391b7       ?Clear@LineToItem@@QAEXXZ  1003a1b7 f i PlatWin.obj
 0001:000391e2       ?Create@ListBoxX@@UAEXAAVWindow@@HVPoint@@H_N@Z 1003a1e2 f   PlatWin.obj
 0001:00039263       ?SetFont@ListBoxX@@UAEXAAVSFont@@@Z 1003a263 f   PlatWin.obj
 0001:000392b5       ?SetAverageCharWidth@ListBoxX@@UAEXH@Z 1003a2b5 f   PlatWin.obj
 0001:000392bf       ?SetVisibleRows@ListBoxX@@UAEXH@Z 1003a2bf f   PlatWin.obj
 0001:000392c9       ?GetVisibleRows@ListBoxX@@UBEHXZ 1003a2c9 f   PlatWin.obj
 0001:000392cd       ?LinesInDoc@ContractionState@@QBEHXZ 1003a2cd f   PlatWin.obj
 0001:000392cd       ?GetHWND@ListBoxX@@ABEPAUHWND__@@XZ 1003a2cd f   PlatWin.obj
 0001:000392d1       ?GetDesiredRect@ListBoxX@@UAE?AVPRectangle@@XZ 1003a2d1 f   PlatWin.obj
 0001:00039432       ?TextOffset@ListBoxX@@ABEHXZ 1003a432 f   PlatWin.obj
 0001:00039451       ?CaretFromEdge@ListBoxX@@UAEHXZ 1003a451 f   PlatWin.obj
 0001:00039488       ?Clear@ListBoxX@@UAEXXZ    1003a488 f   PlatWin.obj
 0001:000394af       ?Append@ListBoxX@@UAEXPADH@Z 1003a4af f   PlatWin.obj
 0001:000394f9       ?Length@ListBoxX@@UAEHXZ   1003a4f9 f   PlatWin.obj
 0001:000394fd       ?Select@ListBoxX@@UAEXH@Z  1003a4fd f   PlatWin.obj
 0001:00039533       ?GetSelection@ListBoxX@@UAEHXZ 1003a533 f   PlatWin.obj
 0001:00039546       ?Find@ListBoxX@@UAEHPBD@Z  1003a546 f   PlatWin.obj
 0001:0003954c       ?GetValue@ListBoxX@@UAEXHPADH@Z 1003a54c f   PlatWin.obj
 0001:00039592       ?RegisterImage@ListBoxX@@UAEXHPBD@Z 1003a592 f   PlatWin.obj
 0001:000395a5       ?ClearRegisteredImages@ListBoxX@@UAEXXZ 1003a5a5 f   PlatWin.obj
 0001:000395ad       ?Draw@ListBoxX@@QAEXPAUtagDRAWITEMSTRUCT@@@Z 1003a5ad f   PlatWin.obj
 0001:000397b8       ?AppendListItem@ListBoxX@@AAEXPBD0@Z 1003a7b8 f   PlatWin.obj
 0001:0003980e       ?SetList@ListBoxX@@UAEXPBDDD@Z 1003a80e f   PlatWin.obj
 0001:000398f1       ?AdjustWindowRect@ListBoxX@@ABEXPAVPRectangle@@@Z 1003a8f1 f   PlatWin.obj
 0001:0003990a       ?ItemHeight@ListBoxX@@ABEHXZ 1003a90a f   PlatWin.obj
 0001:00039932       ?MinClientWidth@ListBoxX@@ABEHXZ 1003a932 f   PlatWin.obj
 0001:00039949       ?MinTrackSize@ListBoxX@@ABE?AVPoint@@XZ 1003a949 f   PlatWin.obj
 0001:00039994       ?MaxTrackSize@ListBoxX@@ABE?AVPoint@@XZ 1003a994 f   PlatWin.obj
 0001:00039a04       ?SetRedraw@ListBoxX@@AAEX_N@Z 1003aa04 f   PlatWin.obj
 0001:00039a32       ?ResizeToCursor@ListBoxX@@AAEXXZ 1003aa32 f   PlatWin.obj
 0001:00039b7b       ?StartResize@ListBoxX@@AAEXI@Z 1003ab7b f   PlatWin.obj
 0001:00039c1f       ?NcHitTest@ListBoxX@@ABEHIJ@Z 1003ac1f f   PlatWin.obj
 0001:00039cdf       ?OnDoubleClick@ListBoxX@@AAEXXZ 1003acdf f   PlatWin.obj
 0001:00039ced       ?GetClientExtent@ListBoxX@@ABE?AVPoint@@XZ 1003aced f   PlatWin.obj
 0001:00039d14       ?CentreItem@ListBoxX@@AAEXH@Z 1003ad14 f   PlatWin.obj
 0001:00039d87       ?Paint@ListBoxX@@AAEXPAUHDC__@@@Z 1003ad87 f   PlatWin.obj
 0001:00039e3e       ?ControlWndProc@ListBoxX@@CGJPAUHWND__@@IIJ@Z 1003ae3e f   PlatWin.obj
 0001:00039f50       ?WndProc@ListBoxX@@QAEJPAUHWND__@@IIJ@Z 1003af50 f   PlatWin.obj
 0001:0003a193       ?StaticWndProc@ListBoxX@@SGJPAUHWND__@@IIJ@Z 1003b193 f   PlatWin.obj
 0001:0003a1e7       ?ListBoxX_Unregister@@YA_NXZ 1003b1e7 f   PlatWin.obj
 0001:0003a1ff       ?CreatePopUp@Menu@@QAEXXZ  1003b1ff f   PlatWin.obj
 0001:0003a211       ?Destroy@Menu@@QAEXXZ      1003b211 f   PlatWin.obj
 0001:0003a226       ?Show@Menu@@QAEXVPoint@@AAVWindow@@@Z 1003b226 f   PlatWin.obj
 0001:0003a254       ?Load@DynamicLibrary@@SAPAV1@PBD@Z 1003b254 f   PlatWin.obj
 0001:0003a27e       ?FindFunction@DynamicLibraryImpl@@UAEPAXPBD@Z 1003b27e f i PlatWin.obj
 0001:0003a297       ?IsValid@DynamicLibraryImpl@@UAE_NXZ 1003b297 f i PlatWin.obj
 0001:0003a2a0       ??_GDynamicLibraryImpl@@UAEPAXI@Z 1003b2a0 f i PlatWin.obj
 0001:0003a2a0       ??_EDynamicLibraryImpl@@UAEPAXI@Z 1003b2a0 f i PlatWin.obj
 0001:0003a2d1       ??_GDynamicLibrary@@UAEPAXI@Z 1003b2d1 f i PlatWin.obj
 0001:0003a2d1       ??_EDynamicLibrary@@UAEPAXI@Z 1003b2d1 f i PlatWin.obj
 0001:0003a2ee       ?Chrome@Platform@@SA?AVColourDesired@@XZ 1003b2ee f   PlatWin.obj
 0001:0003a2ff       ?ChromeHighlight@Platform@@SA?AVColourDesired@@XZ 1003b2ff f   PlatWin.obj
 0001:0003a310       ?DefaultFont@Platform@@SAPBDXZ 1003b310 f   PlatWin.obj
 0001:0003a316       ?DefaultFontSize@Platform@@SAHXZ 1003b316 f   PlatWin.obj
 0001:0003a31a       ?DoubleClickTime@Platform@@SAIXZ 1003b31a f   PlatWin.obj
 0001:0003a320       ?MouseButtonBounce@Platform@@SA_NXZ 1003b320 f   PlatWin.obj
 0001:0003a323       ?IsKeyDown@Platform@@SA_NH@Z 1003b323 f   PlatWin.obj
 0001:0003a334       ?IsDBCSLeadByte@Platform@@SA_NHD@Z 1003b334 f   PlatWin.obj
 0001:0003a349       ?DBCSCharLength@Platform@@SAHHPBD@Z 1003b349 f   PlatWin.obj
 0001:0003a367       ?DBCSCharMaxLength@Platform@@SAHXZ 1003b367 f   PlatWin.obj
 0001:0003a36b       ?Minimum@Platform@@SAHHH@Z 1003b36b f   PlatWin.obj
 0001:0003a37a       ?Maximum@Platform@@SAHHH@Z 1003b37a f   PlatWin.obj
 0001:0003a389       ?ShowAssertionPopUps@Platform@@SA_N_N@Z 1003b389 f   PlatWin.obj
 0001:0003a399       ?Clamp@Platform@@SAHHHH@Z  1003b399 f   PlatWin.obj
 0001:0003a3b1       ?Platform_Initialise@@YAXPAX@Z 1003b3b1 f   PlatWin.obj
 0001:0003a4c1       ?Platform_Finalise@@YAXXZ  1003b4c1 f   PlatWin.obj
 0001:0003a4d2       ?CompareCaseInsensitive@@YAHPBD0@Z 1003b4d2 f   PropSet.obj
 0001:0003a521       ?CompareNCaseInsensitive@@YAHPBD0I@Z 1003b521 f   PropSet.obj
 0001:0003a585       ?grow@SString@@AAE_NI@Z    1003b585 f   PropSet.obj
 0001:0003a5f0       ?assign@SString@@AAEAAV1@PBDI@Z 1003b5f0 f   PropSet.obj
 0001:0003a66a       ??8SString@@QBE_NPBD@Z     1003b66a f   PropSet.obj
 0001:0003a699       ??0SString@@QAE@PBDII@Z    1003b699 f i PropSet.obj
 0001:0003a6d9       ?append@SString@@QAEAAV1@PBDID@Z 1003b6d9 f   PropSet.obj
 0001:0003a75d       ?insert@SString@@QAEAAV1@IPBDI@Z 1003b75d f   PropSet.obj
 0001:0003a7db       ?remove@SString@@QAEXII@Z  1003b7db f   PropSet.obj
 0001:0003a823       ?search@SString@@QBEHPBDI@Z 1003b823 f   PropSet.obj
 0001:0003a84e       ?StringAllocate@SContainer@@SAPADPBDI@Z 1003b84e f   PropSet.obj
 0001:0003a896       ??0PropSet@@QAE@XZ         1003b896 f   PropSet.obj
 0001:0003a8ad       ??1PropSet@@QAE@XZ         1003b8ad f   PropSet.obj
 0001:0003a8b9       ?Set@PropSet@@QAEXPBD0HH@Z 1003b8b9 f   PropSet.obj
 0001:0003a9b2       ?Get@PropSet@@QAE?AVSString@@PBD@Z 1003b9b2 f   PropSet.obj
 0001:0003aa3b       ?GetExpanded@PropSet@@QAE?AVSString@@PBD@Z 1003ba3b f   PropSet.obj
 0001:0003aa8e       ??0SString@@QAE@ABV0@@Z    1003ba8e f i PropSet.obj
 0001:0003ac21       ?contains@VarChain@@QBE_NPBD@Z 1003bc21 f i PropSet.obj
 0001:0003ac59       ?GetInt@PropSet@@QAEHPBDH@Z 1003bc59 f   PropSet.obj
 0001:0003aca0       ?Clear@PropSet@@QAEXXZ     1003bca0 f   PropSet.obj
 0001:0003acf3       ?ToString@PropSet@@QAEPADXZ 1003bcf3 f   PropSet.obj
 0001:0003adb7       ?Clear@WordList@@QAEXXZ    1003bdb7 f   PropSet.obj
 0001:0003adef       ?Set@WordList@@QAEXPBD@Z   1003bdef f   PropSet.obj
 0001:0003af23       _cmpString                 1003bf23 f   PropSet.obj
 0001:0003af37       ?InList@WordList@@QAE_NPBD@Z 1003bf37 f   PropSet.obj
 0001:0003b043       ?InListAbbreviated@WordList@@QAE_NPBDD@Z 1003c043 f   PropSet.obj
 0001:0003b161       ??0RESearch@@QAE@PAVCharClassify@@@Z 1003c161 f   RESearch.obj
 0001:0003b179       ??1RESearch@@QAE@XZ        1003c179 f   RESearch.obj
 0001:0003b17e       ?Init@RESearch@@AAEXXZ     1003c17e f   RESearch.obj
 0001:0003b1a3       ?Clear@RESearch@@AAEXXZ    1003c1a3 f   RESearch.obj
 0001:0003b1c7       ?GrabMatches@RESearch@@QAE_NAAVCharacterIndexer@@@Z 1003c1c7 f   RESearch.obj
 0001:0003b23c       ?ChSet@RESearch@@AAEXD@Z   1003c23c f   RESearch.obj
 0001:0003b263       ?ChSetWithCase@RESearch@@AAEXD_N@Z 1003c263 f   RESearch.obj
 0001:0003b2b1       ?escapeValue@@YA?BDD@Z     1003c2b1 f   RESearch.obj
 0001:0003b2ed       ?Compile@RESearch@@QAEPBDPBDH_N1@Z 1003c2ed f   RESearch.obj
 0001:0003b777       ?Execute@RESearch@@QAEHAAVCharacterIndexer@@HH@Z 1003c777 f   RESearch.obj
 0001:0003b81d       ?PMatch@RESearch@@AAEHAAVCharacterIndexer@@HHPAD@Z 1003c81d f   RESearch.obj
 0001:0003ba96       ??0ScintillaBase@@IAE@XZ   1003ca96 f   ScintillaBase.obj
 0001:0003bb48       ??_EScintillaBase@@MAEPAXI@Z 1003cb48 f i ScintillaBase.obj
 0001:0003bb48       ??_GScintillaBase@@MAEPAXI@Z 1003cb48 f i ScintillaBase.obj
 0001:0003bb64       ??1ScintillaBase@@MAE@XZ   1003cb64 f   ScintillaBase.obj
 0001:0003bbe9       ?Finalise@ScintillaBase@@MAEXXZ 1003cbe9 f   ScintillaBase.obj
 0001:0003bbfe       ?RefreshColourPalette@ScintillaBase@@MAEXAAVPalette@@_N@Z 1003cbfe f   ScintillaBase.obj
 0001:0003bc25       ?AddCharUTF@ScintillaBase@@MAEXPADI_N@Z 1003cc25 f   ScintillaBase.obj
 0001:0003bc9b       ?Command@ScintillaBase@@IAEXH@Z 1003cc9b f   ScintillaBase.obj
 0001:0003bd18       ?KeyCommand@ScintillaBase@@MAEHI@Z 1003cd18 f   ScintillaBase.obj
 0001:0003be66       ?AutoCompleteDoubleClick@ScintillaBase@@KAXPAX@Z 1003ce66 f   ScintillaBase.obj
 0001:0003be6f       ?AutoCompleteStart@ScintillaBase@@IAEXHPBD@Z 1003ce6f f   ScintillaBase.obj
 0001:0003c1dd       ?AutoCompleteCancel@ScintillaBase@@IAEXXZ 1003d1dd f   ScintillaBase.obj
 0001:0003c1e8       ?AutoCompleteMove@ScintillaBase@@IAEXH@Z 1003d1e8 f   ScintillaBase.obj
 0001:0003c1fa       ?AutoCompleteMoveToCurrentWord@ScintillaBase@@IAEXXZ 1003d1fa f   ScintillaBase.obj
 0001:0003c27d       ?AutoCompleteCharacterAdded@ScintillaBase@@IAEXD@Z 1003d27d f   ScintillaBase.obj
 0001:0003c2c3       ?AutoCompleteCharacterDeleted@ScintillaBase@@IAEXXZ 1003d2c3 f   ScintillaBase.obj
 0001:0003c305       ?AutoCompleteCompleted@ScintillaBase@@IAEXXZ 1003d305 f   ScintillaBase.obj
 0001:0003c4b6       ?AutoCompleteGetCurrent@ScintillaBase@@IAEHXZ 1003d4b6 f   ScintillaBase.obj
 0001:0003c4c1       ?CallTipShow@ScintillaBase@@IAEXVPoint@@PBD@Z 1003d4c1 f   ScintillaBase.obj
 0001:0003c5ca       ?CallTipClick@ScintillaBase@@IAEXXZ 1003d5ca f   ScintillaBase.obj
 0001:0003c60a       ?ContextMenu@ScintillaBase@@IAEXVPoint@@@Z 1003d60a f   ScintillaBase.obj
 0001:0003c79e       ?CancelModes@ScintillaBase@@MAEXXZ 1003d79e f   ScintillaBase.obj
 0001:0003c7ba       ?ButtonDown@ScintillaBase@@MAEXVPoint@@I_N11@Z 1003d7ba f   ScintillaBase.obj
 0001:0003c7e3       ?SetLexer@ScintillaBase@@IAEXK@Z 1003d7e3 f   ScintillaBase.obj
 0001:0003c811       ?SetLexerLanguage@ScintillaBase@@IAEXPBD@Z 1003d811 f   ScintillaBase.obj
 0001:0003c850       ?Colourise@ScintillaBase@@IAEXHH@Z 1003d850 f   ScintillaBase.obj
 0001:0003c96e       ??0DocumentAccessor@@QAE@PAVDocument@@AAVPropSet@@PAX@Z 1003d96e f i ScintillaBase.obj
 0001:0003c9de       ?GetPropertyInt@DocumentAccessor@@UAEHPBDH@Z 1003d9de f i ScintillaBase.obj
 0001:0003c9f4       ?GetProperties@DocumentAccessor@@UAEPADXZ 1003d9f4 f i ScintillaBase.obj
 0001:0003c9ff       ?SetFlags@DocumentAccessor@@UAEXDD@Z 1003d9ff f i ScintillaBase.obj
 0001:0003ca16       ?GetStartSegment@DocumentAccessor@@UAEIXZ 1003da16 f i ScintillaBase.obj
 0001:0003ca1d       ??_GDocumentAccessor@@UAEPAXI@Z 1003da1d f i ScintillaBase.obj
 0001:0003ca1d       ??_EDocumentAccessor@@UAEPAXI@Z 1003da1d f i ScintillaBase.obj
 0001:0003ca39       ?NotifyStyleToNeeded@ScintillaBase@@MAEXH@Z 1003da39 f   ScintillaBase.obj
 0001:0003ca96       ?WndProc@ScintillaBase@@UAEJIKJ@Z 1003da96 f   ScintillaBase.obj
 0001:0003d03c       ??0ScintillaWin@@AAE@PAUHWND__@@@Z 1003e03c f   ScintillaWin.obj
 0001:0003d0dd       ??_EScintillaWin@@EAEPAXI@Z 1003e0dd f i ScintillaWin.obj
 0001:0003d0dd       ??_GScintillaWin@@EAEPAXI@Z 1003e0dd f i ScintillaWin.obj
 0001:0003d0f9       ??1ScintillaWin@@EAE@XZ    1003e0f9 f   ScintillaWin.obj
 0001:0003d104       ?Initialise@ScintillaWin@@EAEXXZ 1003e104 f   ScintillaWin.obj
 0001:0003d10d       ?Finalise@ScintillaWin@@EAEXXZ 1003e10d f   ScintillaWin.obj
 0001:0003d14a       ?StartDrag@ScintillaWin@@EAEXXZ 1003e14a f   ScintillaWin.obj
 0001:0003d1aa       ?WndPaint@ScintillaWin@@AAEJK@Z 1003e1aa f   ScintillaWin.obj
 0001:0003d310       ?HandleComposition@ScintillaWin@@AAEJKJ@Z 1003e310 f   ScintillaWin.obj
 0001:0003d485       ?WndProc@ScintillaWin@@UAEJIKJ@Z 1003e485 f   ScintillaWin.obj
 0001:0003e104       ?ValidCodePage@ScintillaWin@@EBE_NH@Z 1003f104 f   ScintillaWin.obj
 0001:0003e140       ?DefWndProc@ScintillaWin@@EAEJIKJ@Z 1003f140 f   ScintillaWin.obj
 0001:0003e15b       ?SetTicking@ScintillaWin@@EAEX_N@Z 1003f15b f   ScintillaWin.obj
 0001:0003e1c7       ?SetIdle@ScintillaWin@@EAE_N_N@Z 1003f1c7 f   ScintillaWin.obj
 0001:0003e230       ?SetMouseCapture@ScintillaWin@@EAEX_N@Z 1003f230 f   ScintillaWin.obj
 0001:0003e264       ?HaveMouseCapture@ScintillaWin@@EAE_NXZ 1003f264 f   ScintillaWin.obj
 0001:0003e26b       ?PaintContains@ScintillaWin@@EAE_NVPRectangle@@@Z 1003f26b f   ScintillaWin.obj
 0001:0003e304       ?ScrollText@ScintillaWin@@EAEXH@Z 1003f304 f   ScintillaWin.obj
 0001:0003e338       ?UpdateSystemCaret@ScintillaWin@@EAEXXZ 1003f338 f   ScintillaWin.obj
 0001:0003e380       ?SetScrollInfo@ScintillaWin@@EAEHHPBUtagSCROLLINFO@@H@Z 1003f380 f   ScintillaWin.obj
 0001:0003e39b       ?GetScrollInfo@ScintillaWin@@EAE_NHPAUtagSCROLLINFO@@@Z 1003f39b f   ScintillaWin.obj
 0001:0003e3b7       ?ChangeScrollPos@ScintillaWin@@AAEXHH@Z 1003f3b7 f   ScintillaWin.obj
 0001:0003e41e       ?SetVerticalScrollPos@ScintillaWin@@EAEXXZ 1003f41e f   ScintillaWin.obj
 0001:0003e42c       ?SetHorizontalScrollPos@ScintillaWin@@EAEXXZ 1003f42c f   ScintillaWin.obj
 0001:0003e43a       ?ModifyScrollBars@ScintillaWin@@EAE_NHH@Z 1003f43a f   ScintillaWin.obj
 0001:0003e572       ?NotifyChange@ScintillaWin@@EAEXXZ 1003f572 f   ScintillaWin.obj
 0001:0003e5a7       ?NotifyFocus@ScintillaWin@@EAEX_N@Z 1003f5a7 f   ScintillaWin.obj
 0001:0003e5f6       ?GetCtrlID@ScintillaWin@@EAEHXZ 1003f5f6 f   ScintillaWin.obj
 0001:0003e600       ?NotifyParent@ScintillaWin@@EAEXUSCNotification@@@Z 1003f600 f   ScintillaWin.obj
 0001:0003e63f       ?NotifyDoubleClick@ScintillaWin@@EAEXVPoint@@_N@Z 1003f63f f   ScintillaWin.obj
 0001:0003e684       ?Copy@ScintillaWin@@EAEXXZ 1003f684 f   ScintillaWin.obj
 0001:0003e6cb       ?CanPaste@ScintillaWin@@EAE_NXZ 1003f6cb f   ScintillaWin.obj
 0001:0003e706       ?InsertPasteText@ScintillaWin@@AAEXPBDHH_N@Z 1003f706 f   ScintillaWin.obj
 0001:0003e7b6       ?Paste@ScintillaWin@@EAEXXZ 1003f7b6 f   ScintillaWin.obj
 0001:0003ea67       ?CreateCallTipWindow@ScintillaWin@@EAEXVPRectangle@@@Z 1003fa67 f   ScintillaWin.obj
 0001:0003eacb       ?AddToPopUp@ScintillaWin@@EAEXPBDH_N@Z 1003facb f   ScintillaWin.obj
 0001:0003eb02       ?FormatEnumerator_QueryInterface@@YGJPAVFormatEnumerator@@ABU_GUID@@PAPAX@Z 1003fb02 f   ScintillaWin.obj
 0001:0003eb5a       ?FormatEnumerator_AddRef@@YGKPAVFormatEnumerator@@@Z 1003fb5a f   ScintillaWin.obj
 0001:0003eb67       ?FormatEnumerator_Release@@YGKPAVFormatEnumerator@@@Z 1003fb67 f   ScintillaWin.obj
 0001:0003eb81       ?FormatEnumerator_Next@@YGJPAVFormatEnumerator@@KPAUtagFORMATETC@@PAK@Z 1003fb81 f   ScintillaWin.obj
 0001:0003ebe4       ?FormatEnumerator_Skip@@YGJPAVFormatEnumerator@@K@Z 1003fbe4 f   ScintillaWin.obj
 0001:0003ebf4       ?FormatEnumerator_Reset@@YGJPAVFormatEnumerator@@@Z 1003fbf4 f   ScintillaWin.obj
 0001:0003ec01       ?FormatEnumerator_Clone@@YGJPAVFormatEnumerator@@PAPAUIEnumFORMATETC@@@Z 1003fc01 f   ScintillaWin.obj
 0001:0003ec38       ??0FormatEnumerator@@QAE@HQAGH@Z 1003fc38 f   ScintillaWin.obj
 0001:0003ec75       ?DropSource_QueryContinueDrag@@YGJPAVDropSource@@HK@Z 1003fc75 f   ScintillaWin.obj
 0001:0003ec9a       ?DropSource_GiveFeedback@@YGJPAVDropSource@@K@Z 1003fc9a f   ScintillaWin.obj
 0001:0003eca2       ??0DropSource@@QAE@XZ      1003fca2 f   ScintillaWin.obj
 0001:0003ecaf       ?DropTarget_AddRef@@YGKPAVDropTarget@@@Z 1003fcaf f   ScintillaWin.obj
 0001:0003ecaf       ?DataObject_Release@@YGKPAVDataObject@@@Z 1003fcaf f   ScintillaWin.obj
 0001:0003ecaf       ?DataObject_AddRef@@YGKPAVDataObject@@@Z 1003fcaf f   ScintillaWin.obj
 0001:0003ecaf       ?DropTarget_Release@@YGKPAVDropTarget@@@Z 1003fcaf f   ScintillaWin.obj
 0001:0003ecaf       ?DropSource_Release@@YGKPAVDropSource@@@Z 1003fcaf f   ScintillaWin.obj
 0001:0003ecaf       ?DropSource_AddRef@@YGKPAVDropSource@@@Z 1003fcaf f   ScintillaWin.obj
 0001:0003ecbe       ?DataObject_GetData@@YGJPAVDataObject@@PAUtagFORMATETC@@PAUtagSTGMEDIUM@@@Z 1003fcbe f   ScintillaWin.obj
 0001:0003ecd5       ?DataObject_GetDataHere@@YGJPAVDataObject@@PAUtagFORMATETC@@PAUtagSTGMEDIUM@@@Z 1003fcd5 f   ScintillaWin.obj
 0001:0003ecdd       ?DataObject_QueryGetData@@YGJPAVDataObject@@PAUtagFORMATETC@@@Z 1003fcdd f   ScintillaWin.obj
 0001:0003ed50       ?DataObject_GetCanonicalFormatEtc@@YGJPAVDataObject@@PAUtagFORMATETC@@1@Z 1003fd50 f   ScintillaWin.obj
 0001:0003ed83       ?DataObject_SetData@@YGJPAVDataObject@@PAUtagFORMATETC@@PAUtagSTGMEDIUM@@H@Z 1003fd83 f   ScintillaWin.obj
 0001:0003ed8b       ?DataObject_EnumFormatEtc@@YGJPAVDataObject@@KPAPAUIEnumFORMATETC@@@Z 1003fd8b f   ScintillaWin.obj
 0001:0003ee06       ?DataObject_DAdvise@@YGJPAVDataObject@@PAUtagFORMATETC@@KPAUIAdviseSink@@PAK@Z 1003fe06 f   ScintillaWin.obj
 0001:0003ee0e       ?DataObject_DUnadvise@@YGJPAVDataObject@@K@Z 1003fe0e f   ScintillaWin.obj
 0001:0003ee0e       ?DataObject_EnumDAdvise@@YGJPAVDataObject@@PAPAUIEnumSTATDATA@@@Z 1003fe0e f   ScintillaWin.obj
 0001:0003ee16       ??0DataObject@@QAE@XZ      1003fe16 f   ScintillaWin.obj
 0001:0003ee23       ?DropSource_QueryInterface@@YGJPAVDropSource@@ABU_GUID@@PAPAX@Z 1003fe23 f   ScintillaWin.obj
 0001:0003ee23       ?DataObject_QueryInterface@@YGJPAVDataObject@@ABU_GUID@@PAPAX@Z 1003fe23 f   ScintillaWin.obj
 0001:0003ee23       ?DropTarget_QueryInterface@@YGJPAVDropTarget@@ABU_GUID@@PAPAX@Z 1003fe23 f   ScintillaWin.obj
 0001:0003ee3a       ?DropTarget_DragEnter@@YGJPAVDropTarget@@PAUIDataObject@@KU_POINTL@@PAK@Z 1003fe3a f   ScintillaWin.obj
 0001:0003ee5b       ?DropTarget_DragOver@@YGJPAVDropTarget@@KU_POINTL@@PAK@Z 1003fe5b f   ScintillaWin.obj
 0001:0003ee79       ?DropTarget_DragLeave@@YGJPAVDropTarget@@@Z 1003fe79 f   ScintillaWin.obj
 0001:0003ee88       ?DropTarget_Drop@@YGJPAVDropTarget@@PAUIDataObject@@KU_POINTL@@PAK@Z 1003fe88 f   ScintillaWin.obj
 0001:0003eea9       ??0DropTarget@@QAE@XZ      1003fea9 f   ScintillaWin.obj
 0001:0003eeb6       ?ImeStartComposition@ScintillaWin@@AAEXXZ 1003feb6 f   ScintillaWin.obj
 0001:0003f037       ?ImeEndComposition@ScintillaWin@@AAEXXZ 10040037 f   ScintillaWin.obj
 0001:0003f03c       ?AddCharBytes@ScintillaWin@@AAEXDD@Z 1004003c f   ScintillaWin.obj
 0001:0003f10c       ?GetIntelliMouseParameters@ScintillaWin@@AAEXXZ 1004010c f   ScintillaWin.obj
 0001:0003f120       ?CopyToClipboard@ScintillaWin@@EAEXABVSelectionText@@@Z 10040120 f   ScintillaWin.obj
 0001:0003f296       ?ScrollMessage@ScintillaWin@@AAEXI@Z 10040296 f   ScintillaWin.obj
 0001:0003f348       ?HorizontalScrollMessage@ScintillaWin@@AAEXI@Z 10040348 f   ScintillaWin.obj
 0001:0003f3f9       ?RealizeWindowPalette@ScintillaWin@@AAEX_N@Z 100403f9 f   ScintillaWin.obj
 0001:0003f476       ?FullPaint@ScintillaWin@@AAEXXZ 10040476 f   ScintillaWin.obj
 0001:0003f4a2       ?FullPaintDC@ScintillaWin@@AAEXPAUHDC__@@@Z 100404a2 f   ScintillaWin.obj
 0001:0003f51e       ?IsCompatibleDC@ScintillaWin@@AAE_NPAUHDC__@@@Z 1004051e f   ScintillaWin.obj
 0001:0003f5ce       ?QueryInterface@ScintillaWin@@QAGJABU_GUID@@PAPAX@Z 100405ce f   ScintillaWin.obj
 0001:0003f666       ?Release@ScintillaWin@@QAGKXZ 10040666 f   ScintillaWin.obj
 0001:0003f666       ?AddRef@ScintillaWin@@QAGKXZ 10040666 f   ScintillaWin.obj
 0001:0003f66c       ?DragEnter@ScintillaWin@@QAGJPAUIDataObject@@KU_POINTL@@PAK@Z 1004066c f   ScintillaWin.obj
 0001:0003f72c       ?DragOver@ScintillaWin@@QAGJKU_POINTL@@PAK@Z 1004072c f   ScintillaWin.obj
 0001:0003f7bc       ?DragLeave@ScintillaWin@@QAGJXZ 100407bc f   ScintillaWin.obj
 0001:0003f7cc       ?Drop@ScintillaWin@@QAGJPAUIDataObject@@KU_POINTL@@PAK@Z 100407cc f   ScintillaWin.obj
 0001:0003f9a9       ?GetData@ScintillaWin@@QAGJPAUtagFORMATETC@@PAUtagSTGMEDIUM@@@Z 100409a9 f   ScintillaWin.obj
 0001:0003faa7       ?Register@ScintillaWin@@SA_NPAUHINSTANCE__@@@Z 10040aa7 f   ScintillaWin.obj
 0001:0003fb5d       ?Unregister@ScintillaWin@@SA_NXZ 10040b5d f   ScintillaWin.obj
 0001:0003fb8f       ?HasCaretSizeChanged@ScintillaWin@@AAE_NXZ 10040b8f f   ScintillaWin.obj
 0001:0003fbb9       ?CreateSystemCaret@ScintillaWin@@AAEHXZ 10040bb9 f   ScintillaWin.obj
 0001:0003fc64       ?DestroySystemCaret@ScintillaWin@@AAEHXZ 10040c64 f   ScintillaWin.obj
 0001:0003fc97       ?CTWndProc@ScintillaWin@@CGJPAUHWND__@@IIJ@Z 10040c97 f   ScintillaWin.obj
 0001:0003fe23       ?DirectFunction@ScintillaWin@@CAJPAV1@IKJ@Z 10040e23 f   ScintillaWin.obj
 0001:0003fe3c       _Scintilla_DirectFunction@16 10040e3c f   ScintillaWin.obj
 0001:0003fe57       ?SWndProc@ScintillaWin@@CGJPAUHWND__@@IIJ@Z 10040e57 f   ScintillaWin.obj
 0001:0003fefc       ?Scintilla_RegisterClasses@@YA_NPAX@Z 10040efc f   ScintillaWin.obj
 0001:0003ff1c       ?Scintilla_ReleaseResources@@YA_NXZ 10040f1c f   ScintillaWin.obj
 0001:0003ff2d       _DllMain@12                10040f2d f   ScintillaWin.obj
 0001:0003ff58       ??0Style@@QAE@XZ           10040f58 f   Style.obj
 0001:0003ffa3       ??1Style@@QAE@XZ           10040fa3 f   Style.obj
 0001:0003ffc9       ??4Style@@QAEAAV0@ABV0@@Z  10040fc9 f   Style.obj
 0001:0004003a       ?Clear@Style@@QAEXVColourDesired@@0HPBDH_N222W4ecaseForced@1@222@Z 1004103a f   Style.obj
 0001:000400ab       ?ClearTo@Style@@QAEXABV1@@Z 100410ab f   Style.obj
 0001:000400f2       ?EquivalentFontTo@Style@@QBE_NPBV1@@Z 100410f2 f   Style.obj
 0001:00040141       ?Realise@Style@@QAEXAAVSurface@@HPAV1@_N@Z 10041141 f   Style.obj
 0001:0004022c       ?GetCurrent@StyleContext@@QAEXPADI@Z 1004122c f   StyleContext.obj
 0001:0004029f       ?GetCurrentLowered@StyleContext@@QAEXPADI@Z 1004129f f   StyleContext.obj
 0001:0004031c       ?UTF8Length@@YAIPBGI@Z     1004131c f   UniConversion.obj
 0001:0004035b       ?UTF8FromUCS2@@YAXPBGIPADI@Z 1004135b f   UniConversion.obj
 0001:000403c5       ?UCS2Length@@YAIPBDI@Z     100413c5 f   UniConversion.obj
 0001:000403e9       ?UCS2FromUTF8@@YAIPBDIPAGI@Z 100413e9 f   UniConversion.obj
 0001:00040460       ??0MarginStyle@@QAE@XZ     10041460 f   ViewStyle.obj
 0001:00040470       ??0FontNames@@QAE@XZ       10041470 f   ViewStyle.obj
 0001:0004047a       ??1FontNames@@QAE@XZ       1004147a f   ViewStyle.obj
 0001:0004047f       ?Clear@FontNames@@QAEXXZ   1004147f f   ViewStyle.obj
 0001:000404af       ?Save@FontNames@@QAEPBDPBD@Z 100414af f   ViewStyle.obj
 0001:0004052b       ??0ViewStyle@@QAE@XZ       1004152b f   ViewStyle.obj
 0001:000406e1       ??0ColourPair@@QAE@VColourDesired@@@Z 100416e1 f i ViewStyle.obj
 0001:000406f3       ??0Indicator@@QAE@XZ       100416f3 f i ViewStyle.obj
 0001:00040703       ??0LineMarker@@QAE@XZ      10041703 f i ViewStyle.obj
 0001:0004073d       ??0ViewStyle@@QAE@ABV0@@Z  1004173d f   ViewStyle.obj
 0001:00040b78       ??4LineMarker@@QAEAAV0@ABV0@@Z 10041b78 f i ViewStyle.obj
 0001:00040bbd       ??1ViewStyle@@QAE@XZ       10041bbd f   ViewStyle.obj
[...]
 0001:0001a6b5       _$E10                      1001b6b5 f   LexCLW.obj
 0001:00019a03       _$E7                       1001aa03 f   LexCaml.obj
 0001:00019a0d       _$E4                       1001aa0d f   LexCaml.obj
 0001:00019a30       _$E6                       1001aa30 f   LexCaml.obj
 0001:00019a3c       _$E5                       1001aa3c f   LexCaml.obj
 0001:00018da4       _$E7                       10019da4 f   LexBullant.obj
 0001:00018dae       _$E4                       10019dae f   LexBullant.obj
 0001:00018dce       ?ColouriseBullantDoc@@YAXIHHQAPAVWordList@@AAVAccessor@@@Z 10019dce f   LexBullant.obj
 0001:00019245       ?classifyWordBullant@@YAHIIAAVWordList@@AAVAccessor@@@Z 1001a245 f   LexBullant.obj
 0001:000193f3       _$E6                       1001a3f3 f   LexBullant.obj
 0001:000193ff       _$E5                       1001a3ff f   LexBullant.obj
 0001:000185e5       _$E7                       100195e5 f   LexBasic.obj
 0001:000185ef       _$E4                       100195ef f   LexBasic.obj
 0001:00018612       ?ColouriseBlitzBasicDoc@@YAXIHHQAPAVWordList@@AAVAccessor@@@Z 10019612 f   LexBasic.obj
 0001:00018630       ?ColouriseBasicDoc@@YAXIHHQAPAVWordList@@AAVAccessor@@D@Z 10019630 f   LexBasic.obj
 0001:000188bb       ?IsSpace@@YA_NH@Z          100198bb f   LexBasic.obj
 0001:000188d7       ?IsOperator@@YA_NH@Z       100198d7 f   LexBasic.obj
 0001:000188f3       ?IsIdentifier@@YA_NH@Z     100198f3 f   LexBasic.obj
 0001:0001890f       ?IsDigit@@YA_NH@Z          1001990f f   LexBasic.obj
 0001:0001892b       ?IsHexDigit@@YA_NH@Z       1001992b f   LexBasic.obj
 0001:00018947       ?IsBinDigit@@YA_NH@Z       10019947 f   LexBasic.obj
 0001:00018963       ?FoldBlitzBasicDoc@@YAXIHHQAPAVWordList@@AAVAccessor@@@Z 10019963 f   LexBasic.obj
 0001:0001897d       ?CheckBlitzFoldPoint@@YAHPBDAAH@Z 1001997d f   LexBasic.obj
 0001:000189dc       ?FoldBasicDoc@@YAXIHAAVAccessor@@P6AHPBDAAH@Z@Z 100199dc f   LexBasic.obj
 0001:00018b5b       ?LowerCase@@YAHH@Z         10019b5b f   LexBasic.obj
 0001:00018b6d       _$E6                       10019b6d f   LexBasic.obj
 0001:00018b79       _$E5                       10019b79 f   LexBasic.obj
 0001:00018b84       _$E12                      10019b84 f   LexBasic.obj
 0001:00018b8e       _$E9                       10019b8e f   LexBasic.obj
 0001:00018bb1       ?ColourisePureBasicDoc@@YAXIHHQAPAVWordList@@AAVAccessor@@@Z 10019bb1 f   LexBasic.obj
 0001:00018bcf       ?FoldPureBasicDoc@@YAXIHHQAPAVWordList@@AAVAccessor@@@Z 10019bcf f   LexBasic.obj
 0001:00018be9       ?CheckPureFoldPoint@@YAHPBDAAH@Z 10019be9 f   LexBasic.obj
 0001:00018c90       _$E11                      10019c90 f   LexBasic.obj
 0001:00018c9c       _$E10                      10019c9c f   LexBasic.obj
 0001:00018ca7       _$E17                      10019ca7 f   LexBasic.obj
 0001:00018cb1       _$E14                      10019cb1 f   LexBasic.obj
 0001:00018cd4       ?ColouriseFreeBasicDoc@@YAXIHHQAPAVWordList@@AAVAccessor@@@Z 10019cd4 f   LexBasic.obj
 0001:00018cf2       ?FoldFreeBasicDoc@@YAXIHHQAPAVWordList@@AAVAccessor@@@Z 10019cf2 f   LexBasic.obj
 0001:00018d0c       ?CheckFreeFoldPoint@@YAHPBDAAH@Z 10019d0c f   LexBasic.obj
 0001:00018d8d       _$E16                      10019d8d f   LexBasic.obj
 0001:00018d99       _$E15                      10019d99 f   LexBasic.obj
 0001:000177bf       ?opposite@@YADD@Z          100187bf f   LexBash.obj
 0001:000177df       _$E7                       100187df f   LexBash.obj
 0001:000177e9       _$E4                       100187e9 f   LexBash.obj
 0001:0001780c       ?ColouriseBashDoc@@YAXIHHQAPAVWordList@@AAVAccessor@@@Z 1001880c f   LexBash.obj
 0001:000181e7       ?translateBashDigit@@YAHD@Z 100191e7 f   LexBash.obj
 0001:00018231       ?isSingleCharOp@@YA_ND@Z   10019231 f   LexBash.obj
 0001:00018256       ?isBashOperator@@YA_ND@Z   10019256 f   LexBash.obj
 0001:000182c4       ?classifyWordBash@@YAHIIAAVWordList@@AAVAccessor@@@Z 100192c4 f   LexBash.obj
 0001:00018336       ?getBashNumberBase@@YAHIIAAVAccessor@@@Z 10019336 f   LexBash.obj
 0001:00018388       ?isEndVar@@YA_ND@Z         10019388 f   LexBash.obj
 0001:000183ae       ?isMatch@@YA_NAAVAccessor@@HHPBD@Z 100193ae f   LexBash.obj
 0001:000183e8       ?FoldBashDoc@@YAXIHHQAPAVWordList@@AAVAccessor@@@Z 100193e8 f   LexBash.obj
 0001:0002e41a       ?IsCommentLine@@YA_NHAAVAccessor@@@Z 1002f41a f   LexPython.obj
 0001:000185ce       _$E6                       100195ce f   LexBash.obj
 0001:000185da       _$E5                       100195da f   LexBash.obj
 0001:00017234       _$E7                       10018234 f   LexBaan.obj
 0001:0001723e       _$E4                       1001823e f   LexBaan.obj
 0001:0001725e       ?ColouriseBaanDoc@@YAXIHHQAPAVWordList@@AAVAccessor@@@Z 1001825e f   LexBaan.obj
 0001:0001757c       ?IsAWordChar@@YA_NH@Z      1001857c f   LexBaan.obj
 0001:000175b1       ?FoldBaanDoc@@YAXIHHQAPAVWordList@@AAVAccessor@@@Z 100185b1 f   LexBaan.obj
 0001:00017750       _$E6                       10018750 f   LexBaan.obj
 0001:0001775c       _$E5                       1001875c f   LexBaan.obj
 0001:00016c59       _$E7                       10017c59 f   LexAVE.obj
 0001:00016c63       _$E4                       10017c63 f   LexAVE.obj
 0001:00016c83       ?ColouriseAveDoc@@YAXIHHQAPAVWordList@@AAVAccessor@@@Z 10017c83 f   LexAVE.obj
 0001:00016fb9       ?FoldAveDoc@@YAXIHHQAPAVWordList@@AAVAccessor@@@Z 10017fb9 f   LexAVE.obj
 0001:0001721d       _$E6                       1001821d f   LexAVE.obj
 0001:00017229       _$E5                       10018229 f   LexAVE.obj
 0001:0001595f       _$E7                       1001695f f   LexAU3.obj
 0001:00015969       _$E4                       10016969 f   LexAU3.obj
 0001:0001598c       ?ColouriseAU3Doc@@YAXIHHQAPAVWordList@@AAVAccessor@@@Z 1001698c f   LexAU3.obj
 0001:000163ed       ?IsAWordStart@@YA_NH@Z     100173ed f   LexAU3.obj
 0001:00016427       ?IsAOperator@@YA_ND@Z      10017427 f   LexAU3.obj
 0001:0001648d       ?GetSendKey@@YAHPBDPAD@Z   1001748d f   LexAU3.obj
 0001:0001658a       ?IsContinuationLine@@YA_NIAAVAccessor@@@Z 1001758a f   LexAU3.obj
 0001:000165e2       ?FoldAU3Doc@@YAXIHHQAPAVWordList@@AAVAccessor@@@Z 100175e2 f   LexAU3.obj
 0001:00016be2       ?IsStreamCommentStyle@@YA_NH@Z 10017be2 f   LexAU3.obj
 0001:00016bf5       ?GetStyleFirstWord@@YAHIAAVAccessor@@@Z 10017bf5 f   LexAU3.obj
 0001:00016c42       _$E6                       10017c42 f   LexAU3.obj
 0001:00016c4e       _$E5                       10017c4e f   LexAU3.obj
 0001:0001562e       _$E7                       1001662e f   LexAsn1.obj
 0001:00015638       _$E4                       10016638 f   LexAsn1.obj
 0001:0001565b       ?ColouriseAsn1Doc@@YAXIHHQAPAVWordList@@AAVAccessor@@@Z 1001665b f   LexAsn1.obj
 0001:000158da       ?isAsn1Number@@YA_NH@Z     100168da f   LexAsn1.obj
 0001:000158ef       ?isAsn1Char@@YA_NH@Z       100168ef f   LexAsn1.obj
 0001:00015918       ?isAsn1Letter@@YA_NH@Z     10016918 f   LexAsn1.obj
 0001:00015937       ?FoldAsn1Doc@@YAXIHHQAPAVWordList@@AAVAccessor@@@Z 10016937 f   LexAsn1.obj
 0001:00015948       _$E6                       10016948 f   LexAsn1.obj
 0001:00015954       _$E5                       10016954 f   LexAsn1.obj
 0001:000152c3       _$E7                       100162c3 f   LexAsm.obj
 0001:000152cd       _$E4                       100162cd f   LexAsm.obj
 0001:000152ed       ?ColouriseAsmDoc@@YAXIHHQAPAVWordList@@AAVAccessor@@@Z 100162ed f   LexAsm.obj
 0001:0001bbfd       ?IsAWordChar@@YA_NH@Z      1001cbfd f   LexCsound.obj
 0001:0001bc2d       ?IsAWordStart@@YA_NH@Z     1001cc2d f   LexCsound.obj
 0001:000155a2       ?IsAsmOperator@@YA_ND@Z    100165a2 f   LexAsm.obj
 0001:00015617       _$E6                       10016617 f   LexAsm.obj
 0001:00015623       _$E5                       10016623 f   LexAsm.obj
 0001:00014f46       _$E7                       10015f46 f   LexAPDL.obj
 0001:00014f50       _$E4                       10015f50 f   LexAPDL.obj
 0001:00014f70       ?ColouriseAPDLDoc@@YAXIHHQAPAVWordList@@AAVAccessor@@@Z 10015f70 f   LexAPDL.obj
 0001:00015256       ?IsAnOperator@@YA_ND@Z     10016256 f   LexAPDL.obj
 0001:000152ac       _$E6                       100162ac f   LexAPDL.obj
 0001:000152b8       _$E5                       100162b8 f   LexAPDL.obj
 0001:000149c0       _$E7                       100159c0 f   LexAIPIBullant.obj
 0001:000149ca       _$E4                       100159ca f   LexAIPIBullant.obj
 0001:000149ea       ?ColouriseAIPIBullantDoc@@YAXIHHQAPAVWordList@@AAVAccessor@@@Z 100159ea f   LexAIPIBullant.obj
 0001:00019245       ?classifyWordAIPIBullant@@YAHIIAAVWordList@@AAVAccessor@@@Z 1001a245 f   LexBullant.obj
 0001:00014f2f       _$E6                       10015f2f f   LexAIPIBullant.obj
 0001:00014f3b       _$E5                       10015f3b f   LexAIPIBullant.obj
 0001:00013d19       _$E7                       10014d19 f   LexAIPI.obj
 0001:00013d23       _$E4                       10014d23 f   LexAIPI.obj
 0001:00013d46       ?FoldAIPIDoc@@YAXIHHQAPAVWordList@@AAVAccessor@@@Z 10014d46 f   LexAIPI.obj
 0001:00013d5f       ?FoldNoBoxCppDoc@@YAXIHHAAVAccessor@@@Z 10014d5f f   LexAIPI.obj
 0001:00032c87       ?IsStreamCommentStyle@@YA_NH@Z 10033c87 f   LexSQL.obj
 0001:00013ff2       ?ColouriseAIPIDocSensitive@@YAXIHHQAPAVWordList@@AAVAccessor@@@Z 10014ff2 f   LexAIPI.obj
 0001:00014010       ?ColouriseAIPIDoc@@YAXIHHQAPAVWordList@@AAVAccessor@@_N@Z 10015010 f   LexAIPI.obj
 0001:00014928       ?IsSpaceEquiv@@YA_NH@Z     10015928 f   LexAIPI.obj
 0001:00014947       _$E6                       10015947 f   LexAIPI.obj
 0001:00014953       _$E5                       10015953 f   LexAIPI.obj
 0001:0001495e       _$E12                      1001595e f   LexAIPI.obj
 0001:00014968       _$E9                       10015968 f   LexAIPI.obj
 0001:0001498b       ?ColouriseAIPIDocInsensitive@@YAXIHHQAPAVWordList@@AAVAccessor@@@Z 1001598b f   LexAIPI.obj
 0001:000149a9       _$E11                      100159a9 f   LexAIPI.obj
 0001:000149b5       _$E10                      100159b5 f   LexAIPI.obj
 0001:00013278       _$E7                       10014278 f   LexAda.obj
 0001:00013282       _$E4                       10014282 f   LexAda.obj
 0001:000132a2       _$E6                       100142a2 f   LexAda.obj
 0001:000132ae       _$E5                       100142ae f   LexAda.obj
 0001:000132b9       ?ColouriseDocument@@YAXIHHQAPAVWordList@@AAVAccessor@@@Z 100142b9 f   LexAda.obj
 0001:000135b5       ?ColouriseCharacter@@YAXAAVStyleContext@@AA_N@Z 100145b5 f   LexAda.obj
 0001:000135e7       ?ColouriseContext@@YAXAAVStyleContext@@DH@Z 100145e7 f   LexAda.obj
 0001:00013647       ?ColouriseComment@@YAXAAVStyleContext@@AA_N@Z 10014647 f   LexAda.obj
 0001:00013666       ?ColouriseDelimiter@@YAXAAVStyleContext@@AA_N@Z 10014666 f   LexAda.obj
 0001:0001368c       ?ColouriseLabel@@YAXAAVStyleContext@@AAVWordList@@AA_N@Z 1001468c f   LexAda.obj
 0001:00013761       ?ColouriseNumber@@YAXAAVStyleContext@@AA_N@Z 10014761 f   LexAda.obj
 0001:00013842       ?ColouriseString@@YAXAAVStyleContext@@AA_N@Z 10014842 f   LexAda.obj
 0001:0001386e       ?ColouriseWhiteSpace@@YAXAAVStyleContext@@AA_N@Z 1001486e f   LexAda.obj
 0001:00013885       ?ColouriseWord@@YAXAAVStyleContext@@AAVWordList@@AA_N@Z 10014885 f   LexAda.obj
 0001:0001394b       ?IsSeparatorOrDelimiterCharacter@@YA_NH@Z 1001494b f   LexAda.obj
 0001:0001397e       ?IsValidIdentifier@@YA_NABVSString@@@Z 1001497e f   LexAda.obj
 0001:00013a33       ?IsValidNumber@@YA_NABVSString@@@Z 10014a33 f   LexAda.obj
 0001:00013ce9       ?IsWordCharacter@@YA_NH@Z  10014ce9 f   LexAda.obj
 0001:00012bbb       _$E8                       10013bbb f   ExternalLexer.obj
 0001:00012bc5       _$E5                       10013bc5 f   ExternalLexer.obj
 0001:00012bc6       _$E7                       10013bc6 f   ExternalLexer.obj
 0001:00012bd2       _$E6                       10013bd2 f   ExternalLexer.obj
 0001:000088ce       ?istrlen@@YAHPBD@Z         100098ce f   Editor.obj
 0001:0000912a       ?IsSpaceOrTab@@YA_ND@Z     1000a12a f   Editor.obj
 0001:000095f5       ?SimpleAlphaRectangle@@YAXPAVSurface@@VPRectangle@@VColourAllocated@@H@Z 1000a5f5 f   Editor.obj
 0001:0000cb63       ?CanDeferToLastStep@@YA_NABVDocModification@@@Z 1000db63 f   Editor.obj
 0001:0000cb7e       ?CanEliminate@@YA_NABVDocModification@@@Z 1000db7e f   Editor.obj
 0001:0000cb90       ?IsLastStep@@YA_NABVDocModification@@@Z 1000db90 f   Editor.obj
 0001:0000eee8       ?Close@@YA_NVPoint@@0@Z    1000fee8 f   Editor.obj
 0001:00012739       ?ValidMargin@@YA_NK@Z      10013739 f   Editor.obj
 0001:00012743       ?CharPtrFromSPtr@@YAPADJ@Z 10013743 f   Editor.obj
 0001:00002fed       ?IsSubordinate@@YA_NHH@Z   10003fed f   Document.obj
 0001:00003aaf       ?NextTab@@YAHHH@Z          10004aaf f   Document.obj
 0001:00003b58       ?CreateIndentation@@YAXPADHHH_N@Z 10004b58 f   Document.obj
 0001:0000912a       ?isindentchar@@YA_ND@Z     1000a12a f   Editor.obj
 0001:000054ab       ?BraceOpposite@@YADD@Z     100064ab f   Document.obj
 0001:00000894       ?IsArrowCharacter@@YA_ND@Z 10001894 f   CallTip.obj
 0001:0004832f       _flsall                    1004932f f   LIBCMT:fflush.obj
 0001:00047ed4       _strtoxl                   10048ed4 f   LIBCMT:strtol.obj
 0001:00047c76       _getSystemCP               10048c76 f   LIBCMT:mbctype.obj
 0001:00047cc0       _CPtoLCID                  10048cc0 f   LIBCMT:mbctype.obj
 0001:00047cf3       _setSBCS                   10048cf3 f   LIBCMT:mbctype.obj
 0001:00047d1c       _setSBUpLow                10048d1c f   LIBCMT:mbctype.obj
 0001:000471e5       __abstract_cw              100481e5 f   LIBCMT:ieee87.obj
 0001:00047277       __hw_cw                    10048277 f   LIBCMT:ieee87.obj
 0001:00046820       _gu_return                 10047820 f   LIBCMT:exsup.obj
 0001:00046828       __unwind_handler           10047828 f   LIBCMT:exsup.obj
 0001:00045091       _parse_cmdline             10046091 f   LIBCMT:stdargv.obj
 0001:00044750       __cftoe2                   10045750 f   LIBCMT:cvt.obj
 0001:00044867       __cftof2                   10045867 f   LIBCMT:cvt.obj
 0001:000449f2       __shift                    100459f2 f   LIBCMT:cvt.obj
 0001:00043fe1       _doexit                    10044fe1 f   LIBCMT:crt0dat.obj
 0001:00044098       __initterm                 10045098 f   LIBCMT:crt0dat.obj
 0001:00043f69       _strncnt                   10044f69 f   LIBCMT:a_map.obj
 0001:00043b71       _write_char                10044b71 f   LIBCMT:output.obj
 0001:00043ba6       _write_multi_char          10044ba6 f   LIBCMT:output.obj
 0001:00043bd7       _write_string              10044bd7 f   LIBCMT:output.obj
 0001:00043c0f       _get_int_arg               10044c0f f   LIBCMT:output.obj
 0001:00043c1c       _get_int64_arg             10044c1c f   LIBCMT:output.obj
 0001:00043c2c       _get_short_arg             10044c2c f   LIBCMT:output.obj
 0001:00042e00       _shortsort                 10043e00 f   LIBCMT:qsort.obj
 0001:00042e4e       _swap                      10043e4e f   LIBCMT:qsort.obj
 0001:00042900       LeadUp1                    10043900 f   LIBCMT:memmove.obj
 0001:0004292c       LeadUp2                    1004392c f   LIBCMT:memmove.obj
 0001:00042950       LeadUp3                    10043950 f   LIBCMT:memmove.obj
 0001:000429cf       UnwindUp0                  100439cf f   LIBCMT:memmove.obj
 0001:000429bc       UnwindUp1                  100439bc f   LIBCMT:memmove.obj
 0001:000429b4       UnwindUp2                  100439b4 f   LIBCMT:memmove.obj
 0001:000429ac       UnwindUp3                  100439ac f   LIBCMT:memmove.obj
 0001:000429a4       UnwindUp4                  100439a4 f   LIBCMT:memmove.obj
 0001:0004299c       UnwindUp5                  1004399c f   LIBCMT:memmove.obj
 0001:00042994       UnwindUp6                  10043994 f   LIBCMT:memmove.obj
 0001:0004298c       UnwindUp7                  1004398c f   LIBCMT:memmove.obj
 0001:000429e8       TrailUp0                   100439e8 f   LIBCMT:memmove.obj
 0001:000429f0       TrailUp1                   100439f0 f   LIBCMT:memmove.obj
 0001:000429fc       TrailUp2                   100439fc f   LIBCMT:memmove.obj
 0001:00042a10       TrailUp3                   10043a10 f   LIBCMT:memmove.obj
 0001:00042a88       LeadDown1                  10043a88 f   LIBCMT:memmove.obj
 0001:00042aa8       LeadDown2                  10043aa8 f   LIBCMT:memmove.obj
 0001:00042ad0       LeadDown3                  10043ad0 f   LIBCMT:memmove.obj
 0001:00042b24       UnwindDown7                10043b24 f   LIBCMT:memmove.obj
 0001:00042b2c       UnwindDown6                10043b2c f   LIBCMT:memmove.obj
 0001:00042b34       UnwindDown5                10043b34 f   LIBCMT:memmove.obj
 0001:00042b3c       UnwindDown4                10043b3c f   LIBCMT:memmove.obj
 0001:00042b44       UnwindDown3                10043b44 f   LIBCMT:memmove.obj
 0001:00042b4c       UnwindDown2                10043b4c f   LIBCMT:memmove.obj
 0001:00042b54       UnwindDown1                10043b54 f   LIBCMT:memmove.obj
 0001:00042b67       UnwindDown0                10043b67 f   LIBCMT:memmove.obj
 0001:00042b80       TrailDown0                 10043b80 f   LIBCMT:memmove.obj
 0001:00042b88       TrailDown1                 10043b88 f   LIBCMT:memmove.obj
 0001:00042b98       TrailDown2                 10043b98 f   LIBCMT:memmove.obj
 0001:00042bac       TrailDown3                 10043bac f   LIBCMT:memmove.obj
 0001:00041df0       LeadUp1                    10042df0 f   LIBCMT:memcpy.obj
 0001:00041e1c       LeadUp2                    10042e1c f   LIBCMT:memcpy.obj
 0001:00041e40       LeadUp3                    10042e40 f   LIBCMT:memcpy.obj
 0001:00041ebf       UnwindUp0                  10042ebf f   LIBCMT:memcpy.obj
 0001:00041eac       UnwindUp1                  10042eac f   LIBCMT:memcpy.obj
 0001:00041ea4       UnwindUp2                  10042ea4 f   LIBCMT:memcpy.obj
 0001:00041e9c       UnwindUp3                  10042e9c f   LIBCMT:memcpy.obj
 0001:00041e94       UnwindUp4                  10042e94 f   LIBCMT:memcpy.obj
 0001:00041e8c       UnwindUp5                  10042e8c f   LIBCMT:memcpy.obj
 0001:00041e84       UnwindUp6                  10042e84 f   LIBCMT:memcpy.obj
 0001:00041e7c       UnwindUp7                  10042e7c f   LIBCMT:memcpy.obj
 0001:00041ed8       TrailUp0                   10042ed8 f   LIBCMT:memcpy.obj
 0001:00041ee0       TrailUp1                   10042ee0 f   LIBCMT:memcpy.obj
 0001:00041eec       TrailUp2                   10042eec f   LIBCMT:memcpy.obj
 0001:00041f00       TrailUp3                   10042f00 f   LIBCMT:memcpy.obj
 0001:00041f78       LeadDown1                  10042f78 f   LIBCMT:memcpy.obj
 0001:00041f98       LeadDown2                  10042f98 f   LIBCMT:memcpy.obj
 0001:00041fc0       LeadDown3                  10042fc0 f   LIBCMT:memcpy.obj
 0001:00042014       UnwindDown7                10043014 f   LIBCMT:memcpy.obj
 0001:0004201c       UnwindDown6                1004301c f   LIBCMT:memcpy.obj
 0001:00042024       UnwindDown5                10043024 f   LIBCMT:memcpy.obj
 0001:0004202c       UnwindDown4                1004302c f   LIBCMT:memcpy.obj
 0001:00042034       UnwindDown3                10043034 f   LIBCMT:memcpy.obj
 0001:0004203c       UnwindDown2                1004303c f   LIBCMT:memcpy.obj
 0001:00042044       UnwindDown1                10043044 f   LIBCMT:memcpy.obj
 0001:00042057       UnwindDown0                10043057 f   LIBCMT:memcpy.obj
 0001:00042070       TrailDown0                 10043070 f   LIBCMT:memcpy.obj
 0001:00042078       TrailDown1                 10043078 f   LIBCMT:memcpy.obj
 0001:00042088       TrailDown2                 10043088 f   LIBCMT:memcpy.obj
 0001:0004209c       TrailDown3                 1004309c f   LIBCMT:memcpy.obj

 355 bytes saved through ICF

